Component: ARM Compiler 5.05 update 1 (build 106) Tool: armlink [4d0efa]

==============================================================================

Section Cross References

    startup_stm32f10x_hd.o(STACK) refers (Special) to heapauxi.o(.text) for __use_two_region_memory
    startup_stm32f10x_hd.o(HEAP) refers (Special) to heapauxi.o(.text) for __use_two_region_memory
    startup_stm32f10x_hd.o(RESET) refers (Special) to heapauxi.o(.text) for __use_two_region_memory
    startup_stm32f10x_hd.o(RESET) refers to startup_stm32f10x_hd.o(STACK) for __initial_sp
    startup_stm32f10x_hd.o(RESET) refers to startup_stm32f10x_hd.o(.text) for Reset_Handler
    startup_stm32f10x_hd.o(RESET) refers to stm32f10x_it.o(i.NMI_Handler) for NMI_Handler
    startup_stm32f10x_hd.o(RESET) refers to stm32f10x_it.o(i.HardFault_Handler) for HardFault_Handler
    startup_stm32f10x_hd.o(RESET) refers to stm32f10x_it.o(i.MemManage_Handler) for MemManage_Handler
    startup_stm32f10x_hd.o(RESET) refers to stm32f10x_it.o(i.BusFault_Handler) for BusFault_Handler
    startup_stm32f10x_hd.o(RESET) refers to stm32f10x_it.o(i.UsageFault_Handler) for UsageFault_Handler
    startup_stm32f10x_hd.o(RESET) refers to stm32f10x_it.o(i.SVC_Handler) for SVC_Handler
    startup_stm32f10x_hd.o(RESET) refers to stm32f10x_it.o(i.DebugMon_Handler) for DebugMon_Handler
    startup_stm32f10x_hd.o(RESET) refers to os_cpu_a.o(.text) for PendSV_Handler
    startup_stm32f10x_hd.o(RESET) refers to delay.o(i.SysTick_Handler) for SysTick_Handler
    startup_stm32f10x_hd.o(RESET) refers to exti.o(i.EXTI0_IRQHandler) for EXTI0_IRQHandler
    startup_stm32f10x_hd.o(RESET) refers to exti.o(i.EXTI2_IRQHandler) for EXTI2_IRQHandler
    startup_stm32f10x_hd.o(RESET) refers to exti.o(i.EXTI3_IRQHandler) for EXTI3_IRQHandler
    startup_stm32f10x_hd.o(RESET) refers to exti.o(i.EXTI4_IRQHandler) for EXTI4_IRQHandler
    startup_stm32f10x_hd.o(RESET) refers to usart.o(i.USART1_IRQHandler) for USART1_IRQHandler
    startup_stm32f10x_hd.o(RESET) refers to usart.o(i.USART2_IRQHandler) for USART2_IRQHandler
    startup_stm32f10x_hd.o(.text) refers (Special) to heapauxi.o(.text) for __use_two_region_memory
    startup_stm32f10x_hd.o(.text) refers to system_stm32f10x.o(i.SystemInit) for SystemInit
    startup_stm32f10x_hd.o(.text) refers to __main.o(!!!main) for __main
    startup_stm32f10x_hd.o(.text) refers to startup_stm32f10x_hd.o(HEAP) for Heap_Mem
    startup_stm32f10x_hd.o(.text) refers to startup_stm32f10x_hd.o(STACK) for Stack_Mem
    stm32f10x_adc.o(i.ADC_DeInit) refers to stm32f10x_rcc.o(i.RCC_APB2PeriphResetCmd) for RCC_APB2PeriphResetCmd
    stm32f10x_bkp.o(i.BKP_DeInit) refers to stm32f10x_rcc.o(i.RCC_BackupResetCmd) for RCC_BackupResetCmd
    stm32f10x_can.o(i.CAN_DeInit) refers to stm32f10x_rcc.o(i.RCC_APB1PeriphResetCmd) for RCC_APB1PeriphResetCmd
    stm32f10x_can.o(i.CAN_GetITStatus) refers to stm32f10x_can.o(i.CheckITStatus) for CheckITStatus
    stm32f10x_cec.o(i.CEC_DeInit) refers to stm32f10x_rcc.o(i.RCC_APB1PeriphResetCmd) for RCC_APB1PeriphResetCmd
    stm32f10x_dac.o(i.DAC_DeInit) refers to stm32f10x_rcc.o(i.RCC_APB1PeriphResetCmd) for RCC_APB1PeriphResetCmd
    stm32f10x_flash.o(i.FLASH_EnableWriteProtection) refers to stm32f10x_flash.o(i.FLASH_WaitForLastOperation) for FLASH_WaitForLastOperation
    stm32f10x_flash.o(i.FLASH_EraseAllBank1Pages) refers to stm32f10x_flash.o(i.FLASH_WaitForLastBank1Operation) for FLASH_WaitForLastBank1Operation
    stm32f10x_flash.o(i.FLASH_EraseAllPages) refers to stm32f10x_flash.o(i.FLASH_WaitForLastOperation) for FLASH_WaitForLastOperation
    stm32f10x_flash.o(i.FLASH_EraseOptionBytes) refers to stm32f10x_flash.o(i.FLASH_GetReadOutProtectionStatus) for FLASH_GetReadOutProtectionStatus
    stm32f10x_flash.o(i.FLASH_EraseOptionBytes) refers to stm32f10x_flash.o(i.FLASH_WaitForLastOperation) for FLASH_WaitForLastOperation
    stm32f10x_flash.o(i.FLASH_ErasePage) refers to stm32f10x_flash.o(i.FLASH_WaitForLastOperation) for FLASH_WaitForLastOperation
    stm32f10x_flash.o(i.FLASH_ProgramHalfWord) refers to stm32f10x_flash.o(i.FLASH_WaitForLastOperation) for FLASH_WaitForLastOperation
    stm32f10x_flash.o(i.FLASH_ProgramOptionByteData) refers to stm32f10x_flash.o(i.FLASH_WaitForLastOperation) for FLASH_WaitForLastOperation
    stm32f10x_flash.o(i.FLASH_ProgramWord) refers to stm32f10x_flash.o(i.FLASH_WaitForLastOperation) for FLASH_WaitForLastOperation
    stm32f10x_flash.o(i.FLASH_ReadOutProtection) refers to stm32f10x_flash.o(i.FLASH_WaitForLastOperation) for FLASH_WaitForLastOperation
    stm32f10x_flash.o(i.FLASH_UserOptionByteConfig) refers to stm32f10x_flash.o(i.FLASH_WaitForLastOperation) for FLASH_WaitForLastOperation
    stm32f10x_flash.o(i.FLASH_WaitForLastBank1Operation) refers to stm32f10x_flash.o(i.FLASH_GetBank1Status) for FLASH_GetBank1Status
    stm32f10x_flash.o(i.FLASH_WaitForLastOperation) refers to stm32f10x_flash.o(i.FLASH_GetBank1Status) for FLASH_GetBank1Status
[...]
    i.delay_us                               0x080033b8   Section        0  delay.o(i.delay_us)
    i.fputc                                  0x08003414   Section        0  usart.o(i.fputc)
    i.get_cip_status_raw                     0x08003498   Section        0  sim800c.o(i.get_cip_status_raw)
    i.get_debug_type_from_user               0x0800355c   Section        0  debug.o(i.get_debug_type_from_user)
    i.get_sim800c_respond                    0x08003668   Section        0  sim800c.o(i.get_sim800c_respond)
    i.init                                   0x08003810   Section        0  main.o(i.init)
    i.init_sim800c                           0x0800384c   Section        0  sim800c.o(i.init_sim800c)
    i.led0_task                              0x080038c8   Section        0  task.o(i.led0_task)
    i.led1_task                              0x080038f4   Section        0  task.o(i.led1_task)
    i.listen_sub_data                        0x08003920   Section        0  pub0sub1.o(i.listen_sub_data)
    i.main                                   0x080039f0   Section        0  main.o(i.main)
    i.main_task                              0x08003a00   Section        0  task.o(i.main_task)
    i.mqtt_disconnect                        0x08003c84   Section        0  pub0sub1.o(i.mqtt_disconnect)
    i.mqtt_ping                              0x08003cc0   Section        0  pub0sub1.o(i.mqtt_ping)
    i.mqtt_publish_data                      0x08003d90   Section        0  pub0sub1.o(i.mqtt_publish_data)
    i.mqtt_subscribe                         0x08003e88   Section        0  pub0sub1.o(i.mqtt_subscribe)
    i.open_socket                            0x08004104   Section        0  pub0sub1.o(i.open_socket)
    i.print_hex_ln                           0x080041f8   Section        0  usart.o(i.print_hex_ln)
    i.query_sim800c                          0x08004230   Section        0  sim800c.o(i.query_sim800c)
    i.readChar                               0x08004850   Section        0  mqttpacket.o(i.readChar)
    i.readInt                                0x0800485e   Section        0  mqttpacket.o(i.readInt)
    i.readMQTTLenString                      0x08004878   Section        0  mqttpacket.o(i.readMQTTLenString)
    i.set_debug_level                        0x080048b4   Section        0  debug.o(i.set_debug_level)
    i.setup_sim800c                          0x08004920   Section        0  sim800c.o(i.setup_sim800c)
    i.sim800c_cip_status_str                 0x08004948   Section        0  sim800c.o(i.sim800c_cip_status_str)
    i.sim800c_close_tcp                      0x08004978   Section        0  sim800c.o(i.sim800c_close_tcp)
    i.sim800c_connect_server                 0x080049f8   Section        0  sim800c.o(i.sim800c_connect_server)
    i.sim800c_connected                      0x08004ccc   Section        0  sim800c.o(i.sim800c_connected)
    i.sim800c_get_cip_status_no              0x08004cf8   Section        0  sim800c.o(i.sim800c_get_cip_status_no)
    i.sim800c_read_tcp_data                  0x08004dd8   Section        0  sim800c.o(i.sim800c_read_tcp_data)
    i.sim800c_send_tcp_data                  0x08004f78   Section        0  sim800c.o(i.sim800c_send_tcp_data)
    i.sim800c_transport_getdata              0x08004fdc   Section        0  sim800c.o(i.sim800c_transport_getdata)
    i.sim800c_write                          0x08005018   Section        0  sim800c.o(i.sim800c_write)
    i.sim800c_write_tcp_data                 0x08005068   Section        0  sim800c.o(i.sim800c_write_tcp_data)
    i.simplify_sim800c_responding_str        0x080051a8   Section        0  utility.o(i.simplify_sim800c_responding_str)
    i.str_simplify                           0x080051f8   Section        0  utility.o(i.str_simplify)
    i.subscribed_data_arraived_cb            0x0800527c   Section        0  task.o(i.subscribed_data_arraived_cb)
    i.task_mqtt_sub                          0x0800531c   Section        0  task.o(i.task_mqtt_sub)
    i.tcp_rx_data_length                     0x08005414   Section        0  sim800c.o(i.tcp_rx_data_length)
    i.tcp_rx_pop_data                        0x0800544c   Section        0  sim800c.o(i.tcp_rx_pop_data)
    i.tcp_rx_push_data                       0x080054c8   Section        0  sim800c.o(i.tcp_rx_push_data)
    i.transport_close                        0x08005538   Section        0  transport.o(i.transport_close)
    i.transport_getdata                      0x08005544   Section        0  transport.o(i.transport_getdata)
    i.transport_open                         0x08005554   Section        0  transport.o(i.transport_open)
    i.transport_sendPacketBuffer             0x08005572   Section        0  transport.o(i.transport_sendPacketBuffer)
    i.uart1_rx_data                          0x08005584   Section        0  utility.o(i.uart1_rx_data)
    i.uart2_init                             0x080055b8   Section        0  usart.o(i.uart2_init)
    i.uart2_rx_buf_clear                     0x08005668   Section        0  utility.o(i.uart2_rx_buf_clear)
    i.uart2_rx_data                          0x08005674   Section        0  utility.o(i.uart2_rx_data)
    i.uart_init                              0x080056a4   Section        0  usart.o(i.uart_init)
    i.wait_cip_status                        0x0800574c   Section        0  sim800c.o(i.wait_cip_status)
    i.wait_uart1_rx_data                     0x08005784   Section        0  utility.o(i.wait_uart1_rx_data)
    i.wait_uart2_rx_data                     0x080057f4   Section        0  utility.o(i.wait_uart2_rx_data)
    i.writeCString                           0x08005870   Section        0  mqttpacket.o(i.writeCString)
    i.writeChar                              0x08005898   Section        0  mqttpacket.o(i.writeChar)
    i.writeInt                               0x080058a4   Section        0  mqttpacket.o(i.writeInt)
    i.writeMQTTString                        0x080058d4   Section        0  mqttpacket.o(i.writeMQTTString)
    locale$$code                             0x08005914   Section       44  lc_ctype_c.o(locale$$code)
    .constdata                               0x08005940   Section       88  debug.o(.constdata)
    .constdata                               0x08005998   Section       20  sim800c.o(.constdata)
    __FUNCTION__                             0x08005998   Data          20  sim800c.o(.constdata)
    .constdata                               0x080059ac   Section      256  os_core.o(.constdata)
    .constdata                               0x08005aac   Section       40  _printf_hex_int.o(.constdata)
    uc_hextab                                0x08005aac   Data          20  _printf_hex_int.o(.constdata)
    lc_hextab                                0x08005ac0   Data          20  _printf_hex_int.o(.constdata)
    .conststring                             0x08005ad4   Section      175  task.o(.conststring)
    .conststring                             0x08005b84   Section      441  debug.o(.conststring)
    .conststring                             0x08005d40   Section      162  pub0sub1.o(.conststring)
    .conststring                             0x08005de4   Section      121  sim800c.o(.conststring)
    locale$$data                             0x08005e80   Section      272  lc_ctype_c.o(locale$$data)
    __lcctype_c_name                         0x08005e84   Data           2  lc_ctype_c.o(locale$$data)
    __lcctype_c_start                        0x08005e8c   Data           0  lc_ctype_c.o(locale$$data)
    __lcctype_c_end                          0x08005f90   Data           0  lc_ctype_c.o(locale$$data)
    .data                                    0x20000000   Section       20  stm32f10x_rcc.o(.data)
    APBAHBPrescTable                         0x20000000   Data          16  stm32f10x_rcc.o(.data)
    ADCPrescTable                            0x20000010   Data           4  stm32f10x_rcc.o(.data)
    .data                                    0x20000014   Section       20  system_stm32f10x.o(.data)
    .data                                    0x20000028   Section        4  delay.o(.data)
    fac_us                                   0x20000028   Data           1  delay.o(.data)
    fac_ms                                   0x2000002a   Data           2  delay.o(.data)
    .data                                    0x2000002c   Section       12  usart.o(.data)
    .data                                    0x20000038   Section        8  debug.o(.data)
    .data                                    0x20000040   Section        4  mqttpacket.o(.data)
    bufptr                                   0x20000040   Data           4  mqttpacket.o(.data)
    .data                                    0x20000044   Section      136  pub0sub1.o(.data)
    .data                                    0x200000cc   Section       52  sim800c.o(.data)
    .data                                    0x20000100   Section        3  key.o(.data)
    key_up                                   0x20000102   Data           1  key.o(.data)
    .data                                    0x20000104   Section       72  os_core.o(.data)
    .bss                                     0x2000014c   Section    15360  task.o(.bss)
    .bss                                     0x20003d4c   Section     1224  usart.o(.bss)
    .bss                                     0x20004214   Section      244  pub0sub1.o(.bss)
    .bss                                     0x20004308   Section     2124  sim800c.o(.bss)
    .bss                                     0x20004b54   Section     2688  os_core.o(.bss)
    .bss                                     0x200055d4   Section       96  libspace.o(.bss)
    HEAP                                     0x20005638   Section      512  startup_stm32f10x_hd.o(HEAP)
    Heap_Mem                                 0x20005638   Data         512  startup_stm32f10x_hd.o(HEAP)
    STACK                                    0x20005838   Section     1024  startup_stm32f10x_hd.o(STACK)
    Stack_Mem                                0x20005838   Data        1024  startup_stm32f10x_hd.o(STACK)
    __initial_sp                             0x20005c38   Data           0  startup_stm32f10x_hd.o(STACK)

    Global Symbols

    Symbol Name                              Value     Ov Type        Size  Object(Section)

    BuildAttributes$$THM_ISAv4$P$D$K$B$S$PE$A:L22UL41UL21$X:L11$S22US41US21$IEEE1$IW$USESV6$~STKCKD$USESV7$~SHL$OSPACE$ROPI$EBA8$UX$STANDARDLIB$REQ8$PRES8$EABIv2 0x00000000   Number         0  anon$$obj.o ABSOLUTE
    __ARM_use_no_argv                        0x00000000   Number         0  main.o ABSOLUTE
    _printf_flags                            0x00000000   Number         0  printf_stubs.o ABSOLUTE
    _printf_return_value                     0x00000000   Number         0  printf_stubs.o ABSOLUTE
    _printf_sizespec                         0x00000000   Number         0  printf_stubs.o ABSOLUTE
    _printf_widthprec                        0x00000000   Number         0  printf_stubs.o ABSOLUTE
    __ARM_exceptions_init                     - Undefined Weak Reference
    __alloca_initialize                       - Undefined Weak Reference
    __arm_preinit_                            - Undefined Weak Reference
    __cpp_initialize__aeabi_                  - Undefined Weak Reference
    __cxa_finalize                            - Undefined Weak Reference
    __sigvec_lookup                           - Undefined Weak Reference
    _atexit_init                              - Undefined Weak Reference
    _call_atexit_fns                          - Undefined Weak Reference
    _clock_init                               - Undefined Weak Reference
    _fp_trap_init                             - Undefined Weak Reference
    _fp_trap_shutdown                         - Undefined Weak Reference
    _get_lc_collate                           - Undefined Weak Reference
    _get_lc_monetary                          - Undefined Weak Reference
    _get_lc_numeric                           - Undefined Weak Reference
    _get_lc_time                              - Undefined Weak Reference
    _getenv_init                              - Undefined Weak Reference
    _handle_redirection                       - Undefined Weak Reference
    _init_alloc                               - Undefined Weak Reference
    _init_user_alloc                          - Undefined Weak Reference
    _initio                                   - Undefined Weak Reference
    _mutex_acquire                            - Undefined Weak Reference
    _mutex_release                            - Undefined Weak Reference
    _printf_mbtowc                            - Undefined Weak Reference
    _printf_post_padding                      - Undefined Weak Reference
    _printf_pre_padding                       - Undefined Weak Reference
    _printf_truncate_signed                   - Undefined Weak Reference
    _printf_truncate_unsigned                 - Undefined Weak Reference
    _rand_init                                - Undefined Weak Reference
    _scanf_longlong                           - Undefined Weak Reference
    _scanf_mbtowc                             - Undefined Weak Reference
    _scanf_real                               - Undefined Weak Reference
    _scanf_wctomb                             - Undefined Weak Reference
    _scanf_wstring                            - Undefined Weak Reference
    _signal_finish                            - Undefined Weak Reference
    _signal_init                              - Undefined Weak Reference
    _terminate_alloc                          - Undefined Weak Reference
    _terminate_user_alloc                     - Undefined Weak Reference
    _terminateio                              - Undefined Weak Reference
    __Vectors_Size                           0x00000130   Number         0  startup_stm32f10x_hd.o ABSOLUTE
    __Vectors                                0x08000000   Data           4  startup_stm32f10x_hd.o(RESET)
    __Vectors_End                            0x08000130   Data           0  startup_stm32f10x_hd.o(RESET)
    __main                                   0x08000131   Thumb Code     8  __main.o(!!!main)
    __scatterload                            0x08000139   Thumb Code     0  __scatter.o(!!!scatter)
    __scatterload_rt2                        0x08000139   Thumb Code    44  __scatter.o(!!!scatter)
    __scatterload_rt2_thumb_only             0x08000139   Thumb Code     0  __scatter.o(!!!scatter)
    __scatterload_null                       0x08000147   Thumb Code     0  __scatter.o(!!!scatter)
    __decompress                             0x0800016d   Thumb Code    90  __dczerorl2.o(!!dczerorl2)
    __decompress1                            0x0800016d   Thumb Code     0  __dczerorl2.o(!!dczerorl2)
    __scatterload_zeroinit                   0x080001c9   Thumb Code    28  __scatter_zi.o(!!handler_zi)
    _printf_d                                0x080001e5   Thumb Code     0  _printf_d.o(.ARM.Collect$$_printf_percent$$00000009)
    _printf_percent                          0x080001e5   Thumb Code     0  _printf_percent.o(.ARM.Collect$$_printf_percent$$00000000)
    _printf_x                                0x080001eb   Thumb Code     0  _printf_x.o(.ARM.Collect$$_printf_percent$$0000000C)
    _printf_c                                0x080001f1   Thumb Code     0  _printf_c.o(.ARM.Collect$$_printf_percent$$00000013)
    _printf_s                                0x080001f7   Thumb Code     0  _printf_s.o(.ARM.Collect$$_printf_percent$$00000014)
    _printf_percent_end                      0x080001fd   Thumb Code     0  _printf_percent_end.o(.ARM.Collect$$_printf_percent$$00000017)
    __rt_lib_init                            0x08000201   Thumb Code     0  libinit.o(.ARM.Collect$$libinit$$00000000)
    __rt_lib_init_fp_1                       0x08000203   Thumb Code     0  libinit2.o(.ARM.Collect$$libinit$$00000002)
    __rt_lib_init_heap_1                     0x08000203   Thumb Code     0  libinit2.o(.ARM.Collect$$libinit$$0000000A)
    __rt_lib_init_lc_common                  0x08000203   Thumb Code     0  libinit2.o(.ARM.Collect$$libinit$$0000000F)
    __rt_lib_init_preinit_1                  0x08000203   Thumb Code     0  libinit2.o(.ARM.Collect$$libinit$$00000004)
    __rt_lib_init_rand_1                     0x08000203   Thumb Code     0  libinit2.o(.ARM.Collect$$libinit$$0000000E)
    __rt_lib_init_user_alloc_1               0x08000203   Thumb Code     0  libinit2.o(.ARM.Collect$$libinit$$0000000C)
    __rt_lib_init_lc_collate_1               0x08000209   Thumb Code     0  libinit2.o(.ARM.Collect$$libinit$$00000011)
    __rt_lib_init_lc_ctype_2                 0x08000209   Thumb Code     0  libinit2.o(.ARM.Collect$$libinit$$00000012)
    __rt_lib_init_alloca_1                   0x08000215   Thumb Code     0  libinit2.o(.ARM.Collect$$libinit$$0000002E)
    __rt_lib_init_argv_1                     0x08000215   Thumb Code     0  libinit2.o(.ARM.Collect$$libinit$$0000002C)
    __rt_lib_init_atexit_1                   0x08000215   Thumb Code     0  libinit2.o(.ARM.Collect$$libinit$$0000001B)
    __rt_lib_init_clock_1                    0x08000215   Thumb Code     0  libinit2.o(.ARM.Collect$$libinit$$00000021)
    __rt_lib_init_cpp_1                      0x08000215   Thumb Code     0  libinit2.o(.ARM.Collect$$libinit$$00000032)
    __rt_lib_init_exceptions_1               0x08000215   Thumb Code     0  libinit2.o(.ARM.Collect$$libinit$$00000030)
    __rt_lib_init_fp_trap_1                  0x08000215   Thumb Code     0  libinit2.o(.ARM.Collect$$libinit$$0000001F)
    __rt_lib_init_getenv_1                   0x08000215   Thumb Code     0  libinit2.o(.ARM.Collect$$libinit$$00000023)
    __rt_lib_init_lc_ctype_1                 0x08000215   Thumb Code     0  libinit2.o(.ARM.Collect$$libinit$$00000013)
    __rt_lib_init_lc_monetary_1              0x08000215   Thumb Code     0  libinit2.o(.ARM.Collect$$libinit$$00000015)
    __rt_lib_init_lc_numeric_1               0x08000215   Thumb Code     0  libinit2.o(.ARM.Collect$$libinit$$00000017)
    __rt_lib_init_lc_time_1                  0x08000215   Thumb Code     0  libinit2.o(.ARM.Collect$$libinit$$00000019)
    __rt_lib_init_return                     0x08000215   Thumb Code     0  libinit2.o(.ARM.Collect$$libinit$$00000033)
    __rt_lib_init_signal_1                   0x08000215   Thumb Code     0  libinit2.o(.ARM.Collect$$libinit$$0000001D)
    __rt_lib_init_stdio_1                    0x08000215   Thumb Code     0  libinit2.o(.ARM.Collect$$libinit$$00000025)
    __rt_lib_shutdown                        0x08000217   Thumb Code     0  libshutdown.o(.ARM.Collect$$libshutdown$$00000000)
    __rt_lib_shutdown_fp_trap_1              0x08000219   Thumb Code     0  libshutdown2.o(.ARM.Collect$$libshutdown$$00000006)
    __rt_lib_shutdown_heap_1                 0x08000219   Thumb Code     0  libshutdown2.o(.ARM.Collect$$libshutdown$$0000000E)
    __rt_lib_shutdown_return                 0x08000219   Thumb Code     0  libshutdown2.o(.ARM.Collect$$libshutdown$$0000000F)
    __rt_lib_shutdown_signal_1               0x08000219   Thumb Code     0  libshutdown2.o(.ARM.Collect$$libshutdown$$00000009)
    __rt_lib_shutdown_stdio_1                0x08000219   Thumb Code     0  libshutdown2.o(.ARM.Collect$$libshutdown$$00000003)
    __rt_lib_shutdown_user_alloc_1           0x08000219   Thumb Code     0  libshutdown2.o(.ARM.Collect$$libshutdown$$0000000B)
    __rt_entry                               0x0800021b   Thumb Code     0  __rtentry.o(.ARM.Collect$$rtentry$$00000000)
    __rt_entry_presh_1                       0x0800021b   Thumb Code     0  __rtentry2.o(.ARM.Collect$$rtentry$$00000002)
    __rt_entry_sh                            0x0800021b   Thumb Code     0  __rtentry4.o(.ARM.Collect$$rtentry$$00000004)
    __rt_entry_li                            0x08000221   Thumb Code     0  __rtentry2.o(.ARM.Collect$$rtentry$$0000000A)
    __rt_entry_postsh_1                      0x08000221   Thumb Code     0  __rtentry2.o(.ARM.Collect$$rtentry$$00000009)
    __rt_entry_main                          0x08000225   Thumb Code     0  __rtentry2.o(.ARM.Collect$$rtentry$$0000000D)
    __rt_entry_postli_1                      0x08000225   Thumb Code     0  __rtentry2.o(.ARM.Collect$$rtentry$$0000000C)
    __rt_exit                                0x0800022d   Thumb Code     0  rtexit.o(.ARM.Collect$$rtexit$$00000000)
    __rt_exit_ls                             0x0800022f   Thumb Code     0  rtexit2.o(.ARM.Collect$$rtexit$$00000003)
    __rt_exit_prels_1                        0x0800022f   Thumb Code     0  rtexit2.o(.ARM.Collect$$rtexit$$00000002)
    __rt_exit_exit                           0x08000233   Thumb Code     0  rtexit2.o(.ARM.Collect$$rtexit$$00000004)
    Reset_Handler                            0x08000239   Thumb Code     8  startup_stm32f10x_hd.o(.text)
    ADC1_2_IRQHandler                        0x08000253   Thumb Code     0  startup_stm32f10x_hd.o(.text)
    ADC3_IRQHandler                          0x08000253   Thumb Code     0  startup_stm32f10x_hd.o(.text)
    CAN1_RX1_IRQHandler                      0x08000253   Thumb Code     0  startup_stm32f10x_hd.o(.text)
    CAN1_SCE_IRQHandler                      0x08000253   Thumb Code     0  startup_stm32f10x_hd.o(.text)
    DMA1_Channel1_IRQHandler                 0x08000253   Thumb Code     0  startup_stm32f10x_hd.o(.text)
    DMA1_Channel2_IRQHandler                 0x08000253   Thumb Code     0  startup_stm32f10x_hd.o(.text)
    DMA1_Channel3_IRQHandler                 0x08000253   Thumb Code     0  startup_stm32f10x_hd.o(.text)
    DMA1_Channel4_IRQHandler                 0x08000253   Thumb Code     0  startup_stm32f10x_hd.o(.text)
    DMA1_Channel5_IRQHandler                 0x08000253   Thumb Code     0  startup_stm32f10x_hd.o(.text)
    DMA1_Channel6_IRQHandler                 0x08000253   Thumb Code     0  startup_stm32f10x_hd.o(.text)
    DMA1_Channel7_IRQHandler                 0x08000253   Thumb Code     0  startup_stm32f10x_hd.o(.text)
    DMA2_Channel1_IRQHandler                 0x08000253   Thumb Code     0  startup_stm32f10x_hd.o(.text)
    DMA2_Channel2_IRQHandler                 0x08000253   Thumb Code     0  startup_stm32f10x_hd.o(.text)
    DMA2_Channel3_IRQHandler                 0x08000253   Thumb Code     0  startup_stm32f10x_hd.o(.text)
    DMA2_Channel4_5_IRQHandler               0x08000253   Thumb Code     0  startup_stm32f10x_hd.o(.text)
    EXTI15_10_IRQHandler                     0x08000253   Thumb Code     0  startup_stm32f10x_hd.o(.text)
    EXTI1_IRQHandler                         0x08000253   Thumb Code     0  startup_stm32f10x_hd.o(.text)
    EXTI9_5_IRQHandler                       0x08000253   Thumb Code     0  startup_stm32f10x_hd.o(.text)
    FLASH_IRQHandler                         0x08000253   Thumb Code     0  startup_stm32f10x_hd.o(.text)
    FSMC_IRQHandler                          0x08000253   Thumb Code     0  startup_stm32f10x_hd.o(.text)
    I2C1_ER_IRQHandler                       0x08000253   Thumb Code     0  startup_stm32f10x_hd.o(.text)
    I2C1_EV_IRQHandler                       0x08000253   Thumb Code     0  startup_stm32f10x_hd.o(.text)
    I2C2_ER_IRQHandler                       0x08000253   Thumb Code     0  startup_stm32f10x_hd.o(.text)
    I2C2_EV_IRQHandler                       0x08000253   Thumb Code     0  startup_stm32f10x_hd.o(.text)
    PVD_IRQHandler                           0x08000253   Thumb Code     0  startup_stm32f10x_hd.o(.text)
    RCC_IRQHandler                           0x08000253   Thumb Code     0  startup_stm32f10x_hd.o(.text)
    RTCAlarm_IRQHandler                      0x08000253   Thumb Code     0  startup_stm32f10x_hd.o(.text)
    RTC_IRQHandler                           0x08000253   Thumb Code     0  startup_stm32f10x_hd.o(.text)
    SDIO_IRQHandler                          0x08000253   Thumb Code     0  startup_stm32f10x_hd.o(.text)
    SPI1_IRQHandler                          0x08000253   Thumb Code     0  startup_stm32f10x_hd.o(.text)
    SPI2_IRQHandler                          0x08000253   Thumb Code     0  startup_stm32f10x_hd.o(.text)
    SPI3_IRQHandler                          0x08000253   Thumb Code     0  startup_stm32f10x_hd.o(.text)
    TAMPER_IRQHandler                        0x08000253   Thumb Code     0  startup_stm32f10x_hd.o(.text)
    TIM1_BRK_IRQHandler                      0x08000253   Thumb Code     0  startup_stm32f10x_hd.o(.text)
    TIM1_CC_IRQHandler                       0x08000253   Thumb Code     0  startup_stm32f10x_hd.o(.text)
    TIM1_TRG_COM_IRQHandler                  0x08000253   Thumb Code     0  startup_stm32f10x_hd.o(.text)
    TIM1_UP_IRQHandler                       0x08000253   Thumb Code     0  startup_stm32f10x_hd.o(.text)
    TIM2_IRQHandler                          0x08000253   Thumb Code     0  startup_stm32f10x_hd.o(.text)
    TIM3_IRQHandler                          0x08000253   Thumb Code     0  startup_stm32f10x_hd.o(.text)
    TIM4_IRQHandler                          0x08000253   Thumb Code     0  startup_stm32f10x_hd.o(.text)
    TIM5_IRQHandler                          0x08000253   Thumb Code     0  startup_stm32f10x_hd.o(.text)
    TIM6_IRQHandler                          0x08000253   Thumb Code     0  startup_stm32f10x_hd.o(.text)
    TIM7_IRQHandler                          0x08000253   Thumb Code     0  startup_stm32f10x_hd.o(.text)
    TIM8_BRK_IRQHandler                      0x08000253   Thumb Code     0  startup_stm32f10x_hd.o(.text)
    TIM8_CC_IRQHandler                       0x08000253   Thumb Code     0  startup_stm32f10x_hd.o(.text)
    TIM8_TRG_COM_IRQHandler                  0x08000253   Thumb Code     0  startup_stm32f10x_hd.o(.text)
    TIM8_UP_IRQHandler                       0x08000253   Thumb Code     0  startup_stm32f10x_hd.o(.text)
    UART4_IRQHandler                         0x08000253   Thumb Code     0  startup_stm32f10x_hd.o(.text)
    UART5_IRQHandler                         0x08000253   Thumb Code     0  startup_stm32f10x_hd.o(.text)
    USART3_IRQHandler                        0x08000253   Thumb Code     0  startup_stm32f10x_hd.o(.text)
    USBWakeUp_IRQHandler                     0x08000253   Thumb Code     0  startup_stm32f10x_hd.o(.text)
    USB_HP_CAN1_TX_IRQHandler                0x08000253   Thumb Code     0  startup_stm32f10x_hd.o(.text)
    USB_LP_CAN1_RX0_IRQHandler               0x08000253   Thumb Code     0  startup_stm32f10x_hd.o(.text)
    WWDG_IRQHandler                          0x08000253   Thumb Code     0  startup_stm32f10x_hd.o(.text)
    __user_initial_stackheap                 0x08000255   Thumb Code     0  startup_stm32f10x_hd.o(.text)
    OS_CPU_SR_Save                           0x08000279   Thumb Code     0  os_cpu_a.o(.text)
    OS_CPU_SR_Restore                        0x08000281   Thumb Code     0  os_cpu_a.o(.text)
    OSStartHighRdy                           0x08000287   Thumb Code     0  os_cpu_a.o(.text)
    OSCtxSw                                  0x080002a9   Thumb Code     0  os_cpu_a.o(.text)
    OSIntCtxSw                               0x080002b7   Thumb Code     0  os_cpu_a.o(.text)
    PendSV_Handler                           0x080002c7   Thumb Code     0  os_cpu_a.o(.text)
    __use_no_semihosting                     0x0800032d   Thumb Code     2  use_no_semi_2.o(.text)
    __2fprintf                               0x0800032f   Thumb Code    20  __2fprintf.o(.text)
    __2sprintf                               0x08000345   Thumb Code    38  __2sprintf.o(.text)
    _printf_str                              0x08000371   Thumb Code    82  _printf_str.o(.text)
    _printf_int_dec                          0x080003c5   Thumb Code   104  _printf_dec.o(.text)
    _printf_int_hex                          0x0800043d   Thumb Code    84  _printf_hex_int.o(.text)
    _printf_longlong_hex                     0x0800043d   Thumb Code     0  _printf_hex_int.o(.text)
    __printf                                 0x08000495   Thumb Code   270  __printf_wp.o(.text)
    __0sscanf                                0x080005a5   Thumb Code    52  __0sscanf.o(.text)
    _scanf_int                               0x080005e1   Thumb Code   332  _scanf_int.o(.text)
    _scanf_string                            0x0800072d   Thumb Code   224  _scanf_str.o(.text)
    strstr                                   0x0800080d   Thumb Code    36  strstr.o(.text)
    strlen                                   0x08000831   Thumb Code    62  strlen.o(.text)
    strncmp                                  0x0800086f   Thumb Code   150  strncmp.o(.text)
    __aeabi_memcpy                           0x08000905   Thumb Code     0  rt_memcpy_v6.o(.text)
    __rt_memcpy                              0x08000905   Thumb Code   138  rt_memcpy_v6.o(.text)
    _memcpy_lastbytes                        0x0800096b   Thumb Code     0  rt_memcpy_v6.o(.text)
    __aeabi_memclr4                          0x0800098f   Thumb Code     0  rt_memclr_w.o(.text)
    __aeabi_memclr8                          0x0800098f   Thumb Code     0  rt_memclr_w.o(.text)
    __rt_memclr_w                            0x0800098f   Thumb Code    78  rt_memclr_w.o(.text)
    _memset_w                                0x08000993   Thumb Code     0  rt_memclr_w.o(.text)
    strcmp                                   0x080009dd   Thumb Code   128  strcmpv7m.o(.text)
    __use_two_region_memory                  0x08000a5d   Thumb Code     2  heapauxi.o(.text)
    __rt_heap_escrow$2region                 0x08000a5f   Thumb Code     2  heapauxi.o(.text)
    __rt_heap_expand$2region                 0x08000a61   Thumb Code     2  heapauxi.o(.text)
    __I$use$semihosting                      0x08000a63   Thumb Code     0  use_no_semi.o(.text)
    __use_no_semihosting_swi                 0x08000a63   Thumb Code     2  use_no_semi.o(.text)
    _printf_int_common                       0x08000a65   Thumb Code   178  _printf_intcommon.o(.text)
    _printf_char_common                      0x08000b23   Thumb Code    32  _printf_char_common.o(.text)
    _sputc                                   0x08000b49   Thumb Code    10  _sputc.o(.text)
    _printf_cs_common                        0x08000b53   Thumb Code    20  _printf_char.o(.text)
    _printf_char                             0x08000b67   Thumb Code    16  _printf_char.o(.text)
    _printf_string                           0x08000b77   Thumb Code     8  _printf_char.o(.text)
    _printf_char_file                        0x08000b81   Thumb Code    32  _printf_char_file.o(.text)
    _chval                                   0x08000ba5   Thumb Code    28  _chval.o(.text)
    __vfscanf_char                           0x08000bcd   Thumb Code    24  scanf_char.o(.text)
    _sgetc                                   0x08000bed   Thumb Code    30  _sgetc.o(.text)
    _sbackspace                              0x08000c0b   Thumb Code    34  _sgetc.o(.text)
    __aeabi_memcpy4                          0x08000c2d   Thumb Code     0  rt_memcpy_w.o(.text)
    __aeabi_memcpy8                          0x08000c2d   Thumb Code     0  rt_memcpy_w.o(.text)
    __rt_memcpy_w                            0x08000c2d   Thumb Code   100  rt_memcpy_w.o(.text)
    _memcpy_lastbytes_aligned                0x08000c75   Thumb Code     0  rt_memcpy_w.o(.text)
    isspace                                  0x08000c91   Thumb Code    18  isspace.o(.text)
    __vfscanf                                0x08000ca5   Thumb Code   878  _scanf.o(.text)
    ferror                                   0x08001019   Thumb Code     8  ferror.o(.text)
    __user_setup_stackheap                   0x08001021   Thumb Code    74  sys_stackheap_outer.o(.text)
    __rt_ctype_table                         0x0800106d   Thumb Code    16  rt_ctype_table.o(.text)
    exit                                     0x0800107d   Thumb Code    12  exit.o(.text)
    __user_libspace                          0x08001089   Thumb Code     8  libspace.o(.text)
    __user_perproc_libspace                  0x08001089   Thumb Code     0  libspace.o(.text)
    __user_perthread_libspace                0x08001089   Thumb Code     0  libspace.o(.text)
    __rt_locale                              0x08001091   Thumb Code     8  rt_locale_intlibspace.o(.text)
    BEEP_Init                                0x08001099   Thumb Code    50  beep.o(i.BEEP_Init)
    BusFault_Handler                         0x080010d1   Thumb Code     4  stm32f10x_it.o(i.BusFault_Handler)
    DebugMon_Handler                         0x080010d5   Thumb Code     2  stm32f10x_it.o(i.DebugMon_Handler)
    EXTI0_IRQHandler                         0x080010d9   Thumb Code    56  exti.o(i.EXTI0_IRQHandler)
    EXTI2_IRQHandler                         0x0800111d   Thumb Code    54  exti.o(i.EXTI2_IRQHandler)
    EXTI3_IRQHandler                         0x08001161   Thumb Code    54  exti.o(i.EXTI3_IRQHandler)
    EXTI4_IRQHandler                         0x080011a5   Thumb Code    72  exti.o(i.EXTI4_IRQHandler)
    EXTIX_Init                               0x08001201   Thumb Code   228  exti.o(i.EXTIX_Init)
    EXTI_ClearITPendingBit                   0x080012e5   Thumb Code     6  stm32f10x_exti.o(i.EXTI_ClearITPendingBit)
    EXTI_Init                                0x080012f1   Thumb Code   142  stm32f10x_exti.o(i.EXTI_Init)
    GPIO_EXTILineConfig                      0x08001385   Thumb Code    60  stm32f10x_gpio.o(i.GPIO_EXTILineConfig)
    GPIO_Init                                0x080013c5   Thumb Code   278  stm32f10x_gpio.o(i.GPIO_Init)
    GPIO_ReadInputDataBit                    0x080014db   Thumb Code    18  stm32f10x_gpio.o(i.GPIO_ReadInputDataBit)
    GPIO_ResetBits                           0x080014ed   Thumb Code     4  stm32f10x_gpio.o(i.GPIO_ResetBits)
    GPIO_SetBits                             0x080014f1   Thumb Code     4  stm32f10x_gpio.o(i.GPIO_SetBits)
    HardFault_Handler                        0x080014f5   Thumb Code     4  stm32f10x_it.o(i.HardFault_Handler)
    KEY_Init                                 0x080014f9   Thumb Code    52  key.o(i.KEY_Init)
    LED_Init                                 0x08001535   Thumb Code    68  led.o(i.LED_Init)
    MQTTDeserialize_connack                  0x08001581   Thumb Code   118  mqttconnectclient.o(i.MQTTDeserialize_connack)
    MQTTDeserialize_publish                  0x080015f7   Thumb Code   168  mqttdeserializepublish.o(i.MQTTDeserialize_publish)
    MQTTDeserialize_suback                   0x0800169f   Thumb Code   146  mqttsubscribeclient.o(i.MQTTDeserialize_suback)
    MQTTPacket_decode                        0x08001731   Thumb Code    88  mqttpacket.o(i.MQTTPacket_decode)
    MQTTPacket_decodeBuf                     0x08001789   Thumb Code    20  mqttpacket.o(i.MQTTPacket_decodeBuf)
    MQTTPacket_encode                        0x080017a5   Thumb Code    54  mqttpacket.o(i.MQTTPacket_encode)
    MQTTPacket_len                           0x080017dd   Thumb Code    34  mqttpacket.o(i.MQTTPacket_len)
    MQTTPacket_read                          0x08001805   Thumb Code   102  mqttpacket.o(i.MQTTPacket_read)
    MQTTSerialize_connect                    0x0800186d   Thumb Code   342  mqttconnectclient.o(i.MQTTSerialize_connect)
    MQTTSerialize_connectLength              0x080019d5   Thumb Code   118  mqttconnectclient.o(i.MQTTSerialize_connectLength)
    MQTTSerialize_disconnect                 0x08001a4b   Thumb Code    18  mqttconnectclient.o(i.MQTTSerialize_disconnect)
    MQTTSerialize_pingreq                    0x08001a5d   Thumb Code    18  mqttconnectclient.o(i.MQTTSerialize_pingreq)
    MQTTSerialize_publish                    0x08001a6f   Thumb Code   176  mqttserializepublish.o(i.MQTTSerialize_publish)
    MQTTSerialize_publishLength              0x08001b1f   Thumb Code    34  mqttserializepublish.o(i.MQTTSerialize_publishLength)
    MQTTSerialize_subscribe                  0x08001b41   Thumb Code   176  mqttsubscribeclient.o(i.MQTTSerialize_subscribe)
    MQTTSerialize_subscribeLength            0x08001bf1   Thumb Code    46  mqttsubscribeclient.o(i.MQTTSerialize_subscribeLength)
    MQTTSerialize_zero                       0x08001c1f   Thumb Code    76  mqttconnectclient.o(i.MQTTSerialize_zero)
    MQTTstrlen                               0x08001c6b   Thumb Code    24  mqttpacket.o(i.MQTTstrlen)
    MemManage_Handler                        0x08001c83   Thumb Code     4  stm32f10x_it.o(i.MemManage_Handler)
    NMI_Handler                              0x08001c87   Thumb Code     2  stm32f10x_it.o(i.NMI_Handler)
    NVIC_Init                                0x08001c89   Thumb Code   100  misc.o(i.NVIC_Init)
    NVIC_PriorityGroupConfig                 0x08001cf9   Thumb Code    10  misc.o(i.NVIC_PriorityGroupConfig)
    OSInit                                   0x08001d0d   Thumb Code    44  os_core.o(i.OSInit)
    OSInitHookBegin                          0x08001d39   Thumb Code     2  os_cpu_c.o(i.OSInitHookBegin)
    OSInitHookEnd                            0x08001d3b   Thumb Code     2  os_cpu_c.o(i.OSInitHookEnd)
    OSIntEnter                               0x08001d3d   Thumb Code    28  os_core.o(i.OSIntEnter)
    OSIntExit                                0x08001d61   Thumb Code   112  os_core.o(i.OSIntExit)
    OSSchedLock                              0x08001df1   Thumb Code    50  os_core.o(i.OSSchedLock)
    OSSchedUnlock                            0x08001e31   Thumb Code    82  os_core.o(i.OSSchedUnlock)
    OSStart                                  0x08001e91   Thumb Code    48  os_core.o(i.OSStart)
    OSTCBInitHook                            0x08001ed9   Thumb Code     2  os_cpu_c.o(i.OSTCBInitHook)
    OSTaskCreate                             0x08001edd   Thumb Code   148  os_task.o(i.OSTaskCreate)
    OSTaskCreateExt                          0x08001f7d   Thumb Code   170  os_task.o(i.OSTaskCreateExt)
    OSTaskCreateHook                         0x08002035   Thumb Code     2  os_cpu_c.o(i.OSTaskCreateHook)
    OSTaskIdleHook                           0x08002037   Thumb Code     2  os_cpu_c.o(i.OSTaskIdleHook)
    OSTaskNameSet                            0x08002039   Thumb Code    98  os_task.o(i.OSTaskNameSet)
    OSTaskStatHook                           0x080020a9   Thumb Code     2  os_cpu_c.o(i.OSTaskStatHook)
    OSTaskStkChk                             0x080020ad   Thumb Code   132  os_task.o(i.OSTaskStkChk)
    OSTaskStkInit                            0x08002139   Thumb Code   154  os_cpu_c.o(i.OSTaskStkInit)
    OSTaskSuspend                            0x080021d5   Thumb Code   152  os_task.o(i.OSTaskSuspend)
    OSTaskSwHook                             0x0800227d   Thumb Code     2  os_cpu_c.o(i.OSTaskSwHook)
    OSTimeDly                                0x08002281   Thumb Code   100  os_time.o(i.OSTimeDly)
    OSTimeTick                               0x080022f9   Thumb Code   210  os_core.o(i.OSTimeTick)
    OSTimeTickHook                           0x080023e5   Thumb Code     2  os_cpu_c.o(i.OSTimeTickHook)
    OS_FlagInit                              0x080023e9   Thumb Code    74  os_flag.o(i.OS_FlagInit)
    OS_MemClr                                0x0800264d   Thumb Code    18  os_core.o(i.OS_MemClr)
    OS_QInit                                 0x08002661   Thumb Code    72  os_q.o(i.OS_QInit)
    OS_Sched                                 0x080026b1   Thumb Code    88  os_core.o(i.OS_Sched)
    OS_TCBInit                               0x08002751   Thumb Code   278  os_core.o(i.OS_TCBInit)
    OS_TaskIdle                              0x08002885   Thumb Code    34  os_core.o(i.OS_TaskIdle)
    OS_TaskStat                              0x080028ad   Thumb Code   116  os_core.o(i.OS_TaskStat)
    OS_TaskStatStkChk                        0x08002935   Thumb Code    54  os_core.o(i.OS_TaskStatStkChk)
    OS_TaskStkClr                            0x08002971   Thumb Code    26  os_task.o(i.OS_TaskStkClr)
    RCC_APB1PeriphClockCmd                   0x0800298d   Thumb Code    26  stm32f10x_rcc.o(i.RCC_APB1PeriphClockCmd)
    RCC_APB2PeriphClockCmd                   0x080029ad   Thumb Code    26  stm32f10x_rcc.o(i.RCC_APB2PeriphClockCmd)
    RCC_GetClocksFreq                        0x080029cd   Thumb Code   192  stm32f10x_rcc.o(i.RCC_GetClocksFreq)
    SVC_Handler                              0x08002aa1   Thumb Code     2  stm32f10x_it.o(i.SVC_Handler)
    SysTick_CLKSourceConfig                  0x08002b8d   Thumb Code    40  misc.o(i.SysTick_CLKSourceConfig)
    SysTick_Handler                          0x08002bb5   Thumb Code    24  delay.o(i.SysTick_Handler)
    SystemInit                               0x08002bd1   Thumb Code    78  system_stm32f10x.o(i.SystemInit)
    USART1_IRQHandler                        0x08002c31   Thumb Code   136  usart.o(i.USART1_IRQHandler)
    USART2_IRQHandler                        0x08002cc5   Thumb Code   100  usart.o(i.USART2_IRQHandler)
    USART_Cmd                                0x08002d35   Thumb Code    24  stm32f10x_usart.o(i.USART_Cmd)
    USART_GetITStatus                        0x08002d4d   Thumb Code    84  stm32f10x_usart.o(i.USART_GetITStatus)
    USART_ITConfig                           0x08002da1   Thumb Code    74  stm32f10x_usart.o(i.USART_ITConfig)
    USART_Init                               0x08002ded   Thumb Code   210  stm32f10x_usart.o(i.USART_Init)
    USART_ReceiveData                        0x08002ec5   Thumb Code    10  stm32f10x_usart.o(i.USART_ReceiveData)
    UsageFault_Handler                       0x08002ecf   Thumb Code     4  stm32f10x_it.o(i.UsageFault_Handler)
    _is_digit                                0x08002ed3   Thumb Code    14  __printf_wp.o(i._is_digit)
    _sys_exit                                0x08002ee1   Thumb Code     6  usart.o(i._sys_exit)
    bufchar                                  0x08002ee9   Thumb Code    36  mqttpacket.o(i.bufchar)
    clear_rx_buf                             0x08002f11   Thumb Code    18  sim800c.o(i.clear_rx_buf)
    close_socket                             0x08002f29   Thumb Code    28  pub0sub1.o(i.close_socket)
    connect_mqtt_server                      0x08002f51   Thumb Code   264  pub0sub1.o(i.connect_mqtt_server)
    create_mqtt_task                         0x08003151   Thumb Code    30  task.o(i.create_mqtt_task)
    create_tasks                             0x08003179   Thumb Code    62  task.o(i.create_tasks)
    debug_print_func_name                    0x080031d1   Thumb Code    52  debug.o(i.debug_print_func_name)
    debug_print_func_result                  0x08003219   Thumb Code    60  debug.o(i.debug_print_func_result)
    debug_print_indent                       0x0800327d   Thumb Code    42  debug.o(i.debug_print_indent)
    delay_init                               0x080032b5   Thumb Code   110  delay.o(i.delay_init)
    delay_ms                                 0x0800333d   Thumb Code    66  delay.o(i.delay_ms)
    delay_osschedlock                        0x0800338d   Thumb Code     8  delay.o(i.delay_osschedlock)
    delay_osschedunlock                      0x08003395   Thumb Code     8  delay.o(i.delay_osschedunlock)
    delay_ostimedly                          0x0800339d   Thumb Code    12  delay.o(i.delay_ostimedly)
    delay_s                                  0x080033a9   Thumb Code    14  delay.o(i.delay_s)
    delay_us                                 0x080033b9   Thumb Code    86  delay.o(i.delay_us)
    fputc                                    0x08003415   Thumb Code   120  usart.o(i.fputc)
    get_cip_status_raw                       0x08003499   Thumb Code   154  sim800c.o(i.get_cip_status_raw)
    get_debug_type_from_user                 0x0800355d   Thumb Code   208  debug.o(i.get_debug_type_from_user)
    get_sim800c_respond                      0x08003669   Thumb Code   300  sim800c.o(i.get_sim800c_respond)
    init                                     0x08003811   Thumb Code    54  main.o(i.init)
    init_sim800c                             0x0800384d   Thumb Code    98  sim800c.o(i.init_sim800c)
    led0_task                                0x080038c9   Thumb Code    34  task.o(i.led0_task)
    led1_task                                0x080038f5   Thumb Code    34  task.o(i.led1_task)
    listen_sub_data                          0x08003921   Thumb Code   134  pub0sub1.o(i.listen_sub_data)
    main                                     0x080039f1   Thumb Code    14  main.o(i.main)
    main_task                                0x08003a01   Thumb Code   372  task.o(i.main_task)
    mqtt_disconnect                          0x08003c85   Thumb Code    40  pub0sub1.o(i.mqtt_disconnect)
    mqtt_ping                                0x08003cc1   Thumb Code   152  pub0sub1.o(i.mqtt_ping)
    mqtt_publish_data                        0x08003d91   Thumb Code   158  pub0sub1.o(i.mqtt_publish_data)
    mqtt_subscribe                           0x08003e89   Thumb Code   360  pub0sub1.o(i.mqtt_subscribe)
    open_socket                              0x08004105   Thumb Code   110  pub0sub1.o(i.open_socket)
    print_hex_ln                             0x080041f9   Thumb Code    42  usart.o(i.print_hex_ln)
    query_sim800c                            0x08004231   Thumb Code   870  sim800c.o(i.query_sim800c)
    readChar                                 0x08004851   Thumb Code    14  mqttpacket.o(i.readChar)
    readInt                                  0x0800485f   Thumb Code    26  mqttpacket.o(i.readInt)
    readMQTTLenString                        0x08004879   Thumb Code    58  mqttpacket.o(i.readMQTTLenString)
    set_debug_level                          0x080048b5   Thumb Code    98  debug.o(i.set_debug_level)
    setup_sim800c                            0x08004921   Thumb Code    38  sim800c.o(i.setup_sim800c)
    sim800c_cip_status_str                   0x08004949   Thumb Code    22  sim800c.o(i.sim800c_cip_status_str)
    sim800c_close_tcp                        0x08004979   Thumb Code    56  sim800c.o(i.sim800c_close_tcp)
    sim800c_connect_server                   0x080049f9   Thumb Code   432  sim800c.o(i.sim800c_connect_server)
    sim800c_connected                        0x08004ccd   Thumb Code    32  sim800c.o(i.sim800c_connected)
    sim800c_get_cip_status_no                0x08004cf9   Thumb Code   126  sim800c.o(i.sim800c_get_cip_status_no)
    sim800c_read_tcp_data                    0x08004dd9   Thumb Code   228  sim800c.o(i.sim800c_read_tcp_data)
    sim800c_send_tcp_data                    0x08004f79   Thumb Code    64  sim800c.o(i.sim800c_send_tcp_data)
    sim800c_transport_getdata                0x08004fdd   Thumb Code    60  sim800c.o(i.sim800c_transport_getdata)
    sim800c_write                            0x08005019   Thumb Code    42  sim800c.o(i.sim800c_write)
    sim800c_write_tcp_data                   0x08005069   Thumb Code   182  sim800c.o(i.sim800c_write_tcp_data)
    simplify_sim800c_responding_str          0x080051a9   Thumb Code    66  utility.o(i.simplify_sim800c_responding_str)
    str_simplify                             0x080051f9   Thumb Code   130  utility.o(i.str_simplify)
    subscribed_data_arraived_cb              0x0800527d   Thumb Code    96  task.o(i.subscribed_data_arraived_cb)
    task_mqtt_sub                            0x0800531d   Thumb Code   200  task.o(i.task_mqtt_sub)
    tcp_rx_data_length                       0x08005415   Thumb Code    52  sim800c.o(i.tcp_rx_data_length)
    tcp_rx_pop_data                          0x0800544d   Thumb Code   120  sim800c.o(i.tcp_rx_pop_data)
    tcp_rx_push_data                         0x080054c9   Thumb Code   108  sim800c.o(i.tcp_rx_push_data)
    transport_close                          0x08005539   Thumb Code    12  transport.o(i.transport_close)
    transport_getdata                        0x08005545   Thumb Code    16  transport.o(i.transport_getdata)
    transport_open                           0x08005555   Thumb Code    30  transport.o(i.transport_open)
    transport_sendPacketBuffer               0x08005573   Thumb Code    18  transport.o(i.transport_sendPacketBuffer)
    uart1_rx_data                            0x08005585   Thumb Code    42  utility.o(i.uart1_rx_data)
    uart2_init                               0x080055b9   Thumb Code   166  usart.o(i.uart2_init)
    uart2_rx_buf_clear                       0x08005669   Thumb Code    12  utility.o(i.uart2_rx_buf_clear)
    uart2_rx_data                            0x08005675   Thumb Code    38  utility.o(i.uart2_rx_data)
    uart_init                                0x080056a5   Thumb Code   160  usart.o(i.uart_init)
    wait_cip_status                          0x0800574d   Thumb Code    54  sim800c.o(i.wait_cip_status)
    wait_uart1_rx_data                       0x08005785   Thumb Code   108  utility.o(i.wait_uart1_rx_data)
    wait_uart2_rx_data                       0x080057f5   Thumb Code   120  utility.o(i.wait_uart2_rx_data)
    writeCString                             0x08005871   Thumb Code    40  mqttpacket.o(i.writeCString)
    writeChar                                0x08005899   Thumb Code    12  mqttpacket.o(i.writeChar)
    writeInt                                 0x080058a5   Thumb Code    48  mqttpacket.o(i.writeInt)
    writeMQTTString                          0x080058d5   Thumb Code    62  mqttpacket.o(i.writeMQTTString)
    _get_lc_ctype                            0x08005915   Thumb Code    44  lc_ctype_c.o(locale$$code)
    debug_type_map                           0x08005940   Data          88  debug.o(.constdata)
    OSUnMapTbl                               0x080059ac   Data         256  os_core.o(.constdata)
    Region$$Table$$Base                      0x08005e60   Number         0  anon$$obj.o(Region$$Table)
    Region$$Table$$Limit                     0x08005e80   Number         0  anon$$obj.o(Region$$Table)
    __ctype                                  0x08005e8d   Data           0  lc_ctype_c.o(locale$$data)
    SystemCoreClock                          0x20000014   Data           4  system_stm32f10x.o(.data)
    AHBPrescTable                            0x20000018   Data          16  system_stm32f10x.o(.data)
    printf_use_uart_no                       0x2000002c   Data           1  usart.o(.data)
    __stdout                                 0x20000030   Data           4  usart.o(.data)
    USART_RX_STA                             0x20000034   Data           2  usart.o(.data)
    USART2_RX_STA                            0x20000036   Data           2  usart.o(.data)
    fun_level                                0x20000038   Data           1  debug.o(.data)
    debug_level                              0x2000003c   Data           4  debug.o(.data)
    toStop                                   0x20000044   Data           4  pub0sub1.o(.data)
    data                                     0x20000048   Data          88  pub0sub1.o(.data)
    rc                                       0x200000a0   Data           4  pub0sub1.o(.data)
    mysock                                   0x200000a4   Data           4  pub0sub1.o(.data)
    buflen                                   0x200000a8   Data           4  pub0sub1.o(.data)
    msgid                                    0x200000ac   Data           4  pub0sub1.o(.data)
    req_qos                                  0x200000b0   Data           4  pub0sub1.o(.data)
    count                                    0x200000b4   Data           4  pub0sub1.o(.data)
    len                                      0x200000b8   Data           4  pub0sub1.o(.data)
    host                                     0x200000bc   Data           4  pub0sub1.o(.data)
    port                                     0x200000c0   Data           4  pub0sub1.o(.data)
    subscribe                                0x200000c4   Data           4  pub0sub1.o(.data)
    connected                                0x200000c8   Data           4  pub0sub1.o(.data)
    tryntime                                 0x200000cc   Data           1  sim800c.o(.data)
    server_port                              0x200000cd   Data           8  sim800c.o(.data)
    g_sim800c_cip_status                     0x200000d5   Data           1  sim800c.o(.data)
    SIM800C_CIP_STATUS                       0x200000d8   Data          40  sim800c.o(.data)
    key_status                               0x20000100   Data           2  key.o(.data)
    OSCtxSwCtr                               0x20000104   Data           4  os_core.o(.data)
    OSEventFreeList                          0x20000108   Data           4  os_core.o(.data)
    OSFlagFreeList                           0x2000010c   Data           4  os_core.o(.data)
    OSCPUUsage                               0x20000110   Data           1  os_core.o(.data)
    OSIdleCtrMax                             0x20000114   Data           4  os_core.o(.data)
    OSIdleCtrRun                             0x20000118   Data           4  os_core.o(.data)
    OSStatRdy                                0x2000011c   Data           1  os_core.o(.data)
    OSIntNesting                             0x2000011d   Data           1  os_core.o(.data)
    OSLockNesting                            0x2000011e   Data           1  os_core.o(.data)
    OSPrioCur                                0x2000011f   Data           1  os_core.o(.data)
    OSPrioHighRdy                            0x20000120   Data           1  os_core.o(.data)
    OSRdyGrp                                 0x20000121   Data           1  os_core.o(.data)
    OSRdyTbl                                 0x20000122   Data           8  os_core.o(.data)
    OSRunning                                0x2000012a   Data           1  os_core.o(.data)
    OSTaskCtr                                0x2000012b   Data           1  os_core.o(.data)
    OSIdleCtr                                0x2000012c   Data           4  os_core.o(.data)
    OSTCBCur                                 0x20000130   Data           4  os_core.o(.data)
    OSTCBFreeList                            0x20000134   Data           4  os_core.o(.data)
    OSTCBHighRdy                             0x20000138   Data           4  os_core.o(.data)
    OSTCBList                                0x2000013c   Data           4  os_core.o(.data)
    OSTickStepState                          0x20000140   Data           1  os_core.o(.data)
    OSQFreeList                              0x20000144   Data           4  os_core.o(.data)
    OSTime                                   0x20000148   Data           4  os_core.o(.data)
    MQTT_SUB_STK                             0x2000014c   Data        2048  task.o(.bss)
    MQTT_PUB_STK                             0x2000094c   Data        2048  task.o(.bss)
    MQTT_INIT_STK                            0x2000114c   Data        2048  task.o(.bss)
    SIM800C_CONTROL_STK                      0x2000194c   Data         512  task.o(.bss)
    LED0_TASK_STK                            0x20001b4c   Data         256  task.o(.bss)
    LED1_TASK_STK                            0x20001c4c   Data         256  task.o(.bss)
    MAIN_TASK_STK                            0x20001d4c   Data        8192  task.o(.bss)
    USART_RX_BUF                             0x20003d4c   Data         200  usart.o(.bss)
    USART2_RX_BUF                            0x20003e14   Data        1024  usart.o(.bss)
    buf                                      0x20004214   Data         200  pub0sub1.o(.bss)
    sub_topicString                          0x200042dc   Data          12  pub0sub1.o(.bss)
    pub_topicString                          0x200042e8   Data          12  pub0sub1.o(.bss)
    payload                                  0x200042f4   Data          20  pub0sub1.o(.bss)
    sim_data                                 0x20004308   Data        2072  sim800c.o(.bss)
    server_address                           0x20004b20   Data          20  sim800c.o(.bss)
    tcp_server_ip                            0x20004b34   Data          32  sim800c.o(.bss)
    OSEventTbl                               0x20004b54   Data         200  os_core.o(.bss)
    OSFlagTbl                                0x20004c1c   Data          80  os_core.o(.bss)
    OSTaskStatStk                            0x20004c6c   Data         512  os_core.o(.bss)
    OSTaskIdleStk                            0x20004e6c   Data         512  os_core.o(.bss)
    OSTCBPrioTbl                             0x2000506c   Data         256  os_core.o(.bss)
    OSTCBTbl                                 0x2000516c   Data        1008  os_core.o(.bss)
    OSQTbl                                   0x2000555c   Data         120  os_core.o(.bss)
    __libspace_start                         0x200055d4   Data          96  libspace.o(.bss)
    __temporary_stack_top$libspace           0x20005634   Data           0  libspace.o(.bss)



==============================================================================

Memory Map of the image

  Image Entry point : 0x08000131

  Load Region LR_IROM1 (Base: 0x08000000, Size: 0x000060dc, Max: 0x00080000, ABSOLUTE, COMPRESSED[0x00005ff8])

    Execution Region ER_IROM1 (Base: 0x08000000, Size: 0x00005f90, Max: 0x00080000, ABSOLUTE)

    Base Addr    Size         Type   Attr      Idx    E Section Name        Object

    0x08000000   0x00000130   Data   RO           19    RESET               startup_stm32f10x_hd.o
    0x08000130   0x00000008   Code   RO         5244  * !!!main             c_w.l(__main.o)
    0x08000138   0x00000034   Code   RO         5441    !!!scatter          c_w.l(__scatter.o)
    0x0800016c   0x0000005a   Code   RO         5439    !!dczerorl2         c_w.l(__dczerorl2.o)
    0x080001c6   0x00000002   PAD
    0x080001c8   0x0000001c   Code   RO         5443    !!handler_zi        c_w.l(__scatter_zi.o)
    0x080001e4   0x00000000   Code   RO         5217    .ARM.Collect$$_printf_percent$$00000000  c_w.l(_printf_percent.o)
    0x080001e4   0x00000006   Code   RO         5216    .ARM.Collect$$_printf_percent$$00000009  c_w.l(_printf_d.o)
    0x080001ea   0x00000006   Code   RO         5215    .ARM.Collect$$_printf_percent$$0000000C  c_w.l(_printf_x.o)
    0x080001f0   0x00000006   Code   RO         5213    .ARM.Collect$$_printf_percent$$00000013  c_w.l(_printf_c.o)
    0x080001f6   0x00000006   Code   RO         5214    .ARM.Collect$$_printf_percent$$00000014  c_w.l(_printf_s.o)
    0x080001fc   0x00000004   Code   RO         5261    .ARM.Collect$$_printf_percent$$00000017  c_w.l(_printf_percent_end.o)
    0x08000200   0x00000002   Code   RO         5306    .ARM.Collect$$libinit$$00000000  c_w.l(libinit.o)
    0x08000202   0x00000000   Code   RO         5321    .ARM.Collect$$libinit$$00000002  c_w.l(libinit2.o)
    0x08000202   0x00000000   Code   RO         5323    .ARM.Collect$$libinit$$00000004  c_w.l(libinit2.o)
    0x08000202   0x00000000   Code   RO         5326    .ARM.Collect$$libinit$$0000000A  c_w.l(libinit2.o)
    0x08000202   0x00000000   Code   RO         5328    .ARM.Collect$$libinit$$0000000C  c_w.l(libinit2.o)
    0x08000202   0x00000000   Code   RO         5330    .ARM.Collect$$libinit$$0000000E  c_w.l(libinit2.o)
    0x08000202   0x00000006   Code   RO         5331    .ARM.Collect$$libinit$$0000000F  c_w.l(libinit2.o)
    0x08000208   0x00000000   Code   RO         5333    .ARM.Collect$$libinit$$00000011  c_w.l(libinit2.o)
    0x08000208   0x0000000c   Code   RO         5334    .ARM.Collect$$libinit$$00000012  c_w.l(libinit2.o)
    0x08000214   0x00000000   Code   RO         5335    .ARM.Collect$$libinit$$00000013  c_w.l(libinit2.o)
    0x08000214   0x00000000   Code   RO         5337    .ARM.Collect$$libinit$$00000015  c_w.l(libinit2.o)
    0x08000214   0x00000000   Code   RO         5339    .ARM.Collect$$libinit$$00000017  c_w.l(libinit2.o)
    0x08000214   0x00000000   Code   RO         5341    .ARM.Collect$$libinit$$00000019  c_w.l(libinit2.o)
    0x08000214   0x00000000   Code   RO         5343    .ARM.Collect$$libinit$$0000001B  c_w.l(libinit2.o)
    0x08000214   0x00000000   Code   RO         5345    .ARM.Collect$$libinit$$0000001D  c_w.l(libinit2.o)
    0x08000214   0x00000000   Code   RO         5347    .ARM.Collect$$libinit$$0000001F  c_w.l(libinit2.o)
    0x08000214   0x00000000   Code   RO         5349    .ARM.Collect$$libinit$$00000021  c_w.l(libinit2.o)
    0x08000214   0x00000000   Code   RO         5351    .ARM.Collect$$libinit$$00000023  c_w.l(libinit2.o)
    0x08000214   0x00000000   Code   RO         5353    .ARM.Collect$$libinit$$00000025  c_w.l(libinit2.o)
    0x08000214   0x00000000   Code   RO         5357    .ARM.Collect$$libinit$$0000002C  c_w.l(libinit2.o)
    0x08000214   0x00000000   Code   RO         5359    .ARM.Collect$$libinit$$0000002E  c_w.l(libinit2.o)
    0x08000214   0x00000000   Code   RO         5361    .ARM.Collect$$libinit$$00000030  c_w.l(libinit2.o)
    0x08000214   0x00000000   Code   RO         5363    .ARM.Collect$$libinit$$00000032  c_w.l(libinit2.o)
    0x08000214   0x00000002   Code   RO         5364    .ARM.Collect$$libinit$$00000033  c_w.l(libinit2.o)
    0x08000216   0x00000002   Code   RO         5382    .ARM.Collect$$libshutdown$$00000000  c_w.l(libshutdown.o)
    0x08000218   0x00000000   Code   RO         5393    .ARM.Collect$$libshutdown$$00000003  c_w.l(libshutdown2.o)
    0x08000218   0x00000000   Code   RO         5396    .ARM.Collect$$libshutdown$$00000006  c_w.l(libshutdown2.o)
    0x08000218   0x00000000   Code   RO         5399    .ARM.Collect$$libshutdown$$00000009  c_w.l(libshutdown2.o)
    0x08000218   0x00000000   Code   RO         5401    .ARM.Collect$$libshutdown$$0000000B  c_w.l(libshutdown2.o)
    0x08000218   0x00000000   Code   RO         5404    .ARM.Collect$$libshutdown$$0000000E  c_w.l(libshutdown2.o)
    0x08000218   0x00000002   Code   RO         5405    .ARM.Collect$$libshutdown$$0000000F  c_w.l(libshutdown2.o)
    0x0800021a   0x00000000   Code   RO         5248    .ARM.Collect$$rtentry$$00000000  c_w.l(__rtentry.o)
    0x0800021a   0x00000000   Code   RO         5271    .ARM.Collect$$rtentry$$00000002  c_w.l(__rtentry2.o)
    0x0800021a   0x00000006   Code   RO         5283    .ARM.Collect$$rtentry$$00000004  c_w.l(__rtentry4.o)
    0x08000220   0x00000000   Code   RO         5273    .ARM.Collect$$rtentry$$00000009  c_w.l(__rtentry2.o)
    0x08000220   0x00000004   Code   RO         5274    .ARM.Collect$$rtentry$$0000000A  c_w.l(__rtentry2.o)
    0x08000224   0x00000000   Code   RO         5276    .ARM.Collect$$rtentry$$0000000C  c_w.l(__rtentry2.o)
    0x08000224   0x00000008   Code   RO         5277    .ARM.Collect$$rtentry$$0000000D  c_w.l(__rtentry2.o)
    0x0800022c   0x00000002   Code   RO         5310    .ARM.Collect$$rtexit$$00000000  c_w.l(rtexit.o)
    0x0800022e   0x00000000   Code   RO         5366    .ARM.Collect$$rtexit$$00000002  c_w.l(rtexit2.o)
    0x0800022e   0x00000004   Code   RO         5367    .ARM.Collect$$rtexit$$00000003  c_w.l(rtexit2.o)
    0x08000232   0x00000006   Code   RO         5368    .ARM.Collect$$rtexit$$00000004  c_w.l(rtexit2.o)
    0x08000238   0x00000040   Code   RO           20    .text               startup_stm32f10x_hd.o
    0x08000278   0x000000b4   Code   RO         5147    .text               os_cpu_a.o
    0x0800032c   0x00000002   Code   RO         5152    .text               c_w.l(use_no_semi_2.o)
    0x0800032e   0x00000014   Code   RO         5154    .text               c_w.l(__2fprintf.o)
    0x08000342   0x00000002   PAD
    0x08000344   0x0000002c   Code   RO         5156    .text               c_w.l(__2sprintf.o)
    0x08000370   0x00000052   Code   RO         5168    .text               c_w.l(_printf_str.o)
    0x080003c2   0x00000002   PAD
    0x080003c4   0x00000078   Code   RO         5170    .text               c_w.l(_printf_dec.o)
    0x0800043c   0x00000058   Code   RO         5175    .text               c_w.l(_printf_hex_int.o)
    0x08000494   0x0000010e   Code   RO         5201    .text               c_w.l(__printf_wp.o)
    0x080005a2   0x00000002   PAD
    0x080005a4   0x0000003c   Code   RO         5218    .text               c_w.l(__0sscanf.o)
    0x080005e0   0x0000014c   Code   RO         5220    .text               c_w.l(_scanf_int.o)
    0x0800072c   0x000000e0   Code   RO         5222    .text               c_w.l(_scanf_str.o)
    0x0800080c   0x00000024   Code   RO         5226    .text               c_w.l(strstr.o)
    0x08000830   0x0000003e   Code   RO         5230    .text               c_w.l(strlen.o)
    0x0800086e   0x00000096   Code   RO         5232    .text               c_w.l(strncmp.o)
    0x08000904   0x0000008a   Code   RO         5234    .text               c_w.l(rt_memcpy_v6.o)
    0x0800098e   0x0000004e   Code   RO         5238    .text               c_w.l(rt_memclr_w.o)
    0x080009dc   0x00000080   Code   RO         5240    .text               c_w.l(strcmpv7m.o)
    0x08000a5c   0x00000006   Code   RO         5242    .text               c_w.l(heapauxi.o)
    0x08000a62   0x00000002   Code   RO         5246    .text               c_w.l(use_no_semi.o)
    0x08000a64   0x000000b2   Code   RO         5249    .text               c_w.l(_printf_intcommon.o)
    0x08000b16   0x00000002   PAD
    0x08000b18   0x00000030   Code   RO         5251    .text               c_w.l(_printf_char_common.o)
    0x08000b48   0x0000000a   Code   RO         5253    .text               c_w.l(_sputc.o)
    0x08000b52   0x0000002c   Code   RO         5257    .text               c_w.l(_printf_char.o)
    0x08000b7e   0x00000002   PAD
    0x08000b80   0x00000024   Code   RO         5259    .text               c_w.l(_printf_char_file.o)
    0x08000ba4   0x0000001c   Code   RO         5262    .text               c_w.l(_chval.o)
    0x08000bc0   0x0000002c   Code   RO         5264    .text               c_w.l(scanf_char.o)
    0x08000bec   0x00000040   Code   RO         5266    .text               c_w.l(_sgetc.o)
    0x08000c2c   0x00000064   Code   RO         5268    .text               c_w.l(rt_memcpy_w.o)
    0x08000c90   0x00000012   Code   RO         5285    .text               c_w.l(isspace.o)
    0x08000ca2   0x00000002   PAD
    0x08000ca4   0x00000374   Code   RO         5289    .text               c_w.l(_scanf.o)
    0x08001018   0x00000008   Code   RO         5291    .text               c_w.l(ferror.o)
    0x08001020   0x0000004a   Code   RO         5295    .text               c_w.l(sys_stackheap_outer.o)
    0x0800106a   0x00000002   PAD
    0x0800106c   0x00000010   Code   RO         5297    .text               c_w.l(rt_ctype_table.o)
    0x0800107c   0x0000000c   Code   RO         5299    .text               c_w.l(exit.o)
    0x08001088   0x00000008   Code   RO         5307    .text               c_w.l(libspace.o)
    0x08001090   0x00000008   Code   RO         5315    .text               c_w.l(rt_locale_intlibspace.o)
    0x08001098   0x00000038   Code   RO         4334    i.BEEP_Init         beep.o
    0x080010d0   0x00000004   Code   RO         3168    i.BusFault_Handler  stm32f10x_it.o
    0x080010d4   0x00000002   Code   RO         3169    i.DebugMon_Handler  stm32f10x_it.o
    0x080010d6   0x00000002   PAD
    0x080010d8   0x00000044   Code   RO         4349    i.EXTI0_IRQHandler  exti.o
    0x0800111c   0x00000044   Code   RO         4350    i.EXTI2_IRQHandler  exti.o
    0x08001160   0x00000044   Code   RO         4351    i.EXTI3_IRQHandler  exti.o
    0x080011a4   0x0000005c   Code   RO         4352    i.EXTI4_IRQHandler  exti.o
    0x08001200   0x000000e4   Code   RO         4353    i.EXTIX_Init        exti.o
    0x080012e4   0x0000000c   Code   RO          905    i.EXTI_ClearITPendingBit  stm32f10x_exti.o
    0x080012f0   0x00000094   Code   RO          910    i.EXTI_Init         stm32f10x_exti.o
    0x08001384   0x00000040   Code   RO         1255    i.GPIO_EXTILineConfig  stm32f10x_gpio.o
    0x080013c4   0x00000116   Code   RO         1258    i.GPIO_Init         stm32f10x_gpio.o
    0x080014da   0x00000012   Code   RO         1262    i.GPIO_ReadInputDataBit  stm32f10x_gpio.o
    0x080014ec   0x00000004   Code   RO         1265    i.GPIO_ResetBits    stm32f10x_gpio.o
    0x080014f0   0x00000004   Code   RO         1266    i.GPIO_SetBits      stm32f10x_gpio.o
    0x080014f4   0x00000004   Code   RO         3170    i.HardFault_Handler  stm32f10x_it.o
    0x080014f8   0x0000003c   Code   RO         4388    i.KEY_Init          key.o
    0x08001534   0x0000004c   Code   RO         4412    i.LED_Init          led.o
    0x08001580   0x00000076   Code   RO         3691    i.MQTTDeserialize_connack  mqttconnectclient.o
    0x080015f6   0x000000a8   Code   RO         3779    i.MQTTDeserialize_publish  mqttdeserializepublish.o
    0x0800169e   0x00000092   Code   RO         4011    i.MQTTDeserialize_suback  mqttsubscribeclient.o
    0x08001730   0x00000058   Code   RO         3854    i.MQTTPacket_decode  mqttpacket.o
    0x08001788   0x0000001c   Code   RO         3855    i.MQTTPacket_decodeBuf  mqttpacket.o
    0x080017a4   0x00000036   Code   RO         3857    i.MQTTPacket_encode  mqttpacket.o
    0x080017da   0x00000002   PAD
    0x080017dc   0x00000028   Code   RO         3859    i.MQTTPacket_len    mqttpacket.o
    0x08001804   0x00000066   Code   RO         3860    i.MQTTPacket_read   mqttpacket.o
    0x0800186a   0x00000002   PAD
    0x0800186c   0x00000168   Code   RO         3692    i.MQTTSerialize_connect  mqttconnectclient.o
    0x080019d4   0x00000076   Code   RO         3693    i.MQTTSerialize_connectLength  mqttconnectclient.o
    0x08001a4a   0x00000012   Code   RO         3694    i.MQTTSerialize_disconnect  mqttconnectclient.o
    0x08001a5c   0x00000012   Code   RO         3695    i.MQTTSerialize_pingreq  mqttconnectclient.o
    0x08001a6e   0x000000b0   Code   RO         3972    i.MQTTSerialize_publish  mqttserializepublish.o
    0x08001b1e   0x00000022   Code   RO         3973    i.MQTTSerialize_publishLength  mqttserializepublish.o
    0x08001b40   0x000000b0   Code   RO         4012    i.MQTTSerialize_subscribe  mqttsubscribeclient.o
    0x08001bf0   0x0000002e   Code   RO         4013    i.MQTTSerialize_subscribeLength  mqttsubscribeclient.o
    0x08001c1e   0x0000004c   Code   RO         3696    i.MQTTSerialize_zero  mqttconnectclient.o
    0x08001c6a   0x00000018   Code   RO         3862    i.MQTTstrlen        mqttpacket.o
    0x08001c82   0x00000004   Code   RO         3171    i.MemManage_Handler  stm32f10x_it.o
    0x08001c86   0x00000002   Code   RO         3172    i.NMI_Handler       stm32f10x_it.o
    0x08001c88   0x00000070   Code   RO           24    i.NVIC_Init         misc.o
    0x08001cf8   0x00000014   Code   RO           25    i.NVIC_PriorityGroupConfig  misc.o
    0x08001d0c   0x0000002c   Code   RO         4427    i.OSInit            os_core.o
    0x08001d38   0x00000002   Code   RO         5065    i.OSInitHookBegin   os_cpu_c.o
    0x08001d3a   0x00000002   Code   RO         5066    i.OSInitHookEnd     os_cpu_c.o
    0x08001d3c   0x00000024   Code   RO         4428    i.OSIntEnter        os_core.o
    0x08001d60   0x00000090   Code   RO         4429    i.OSIntExit         os_core.o
    0x08001df0   0x00000040   Code   RO         4430    i.OSSchedLock       os_core.o
    0x08001e30   0x00000060   Code   RO         4431    i.OSSchedUnlock     os_core.o
    0x08001e90   0x00000048   Code   RO         4432    i.OSStart           os_core.o
    0x08001ed8   0x00000002   Code   RO         5067    i.OSTCBInitHook     os_cpu_c.o
    0x08001eda   0x00000002   PAD
    0x08001edc   0x000000a0   Code   RO         4928    i.OSTaskCreate      os_task.o
    0x08001f7c   0x000000b8   Code   RO         4929    i.OSTaskCreateExt   os_task.o
    0x08002034   0x00000002   Code   RO         5068    i.OSTaskCreateHook  os_cpu_c.o
    0x08002036   0x00000002   Code   RO         5070    i.OSTaskIdleHook    os_cpu_c.o
    0x08002038   0x00000070   Code   RO         4933    i.OSTaskNameSet     os_task.o
    0x080020a8   0x00000002   Code   RO         5072    i.OSTaskStatHook    os_cpu_c.o
    0x080020aa   0x00000002   PAD
    0x080020ac   0x0000008c   Code   RO         4938    i.OSTaskStkChk      os_task.o
    0x08002138   0x0000009a   Code   RO         5073    i.OSTaskStkInit     os_cpu_c.o
    0x080021d2   0x00000002   PAD
    0x080021d4   0x000000a8   Code   RO         4939    i.OSTaskSuspend     os_task.o
    0x0800227c   0x00000002   Code   RO         5074    i.OSTaskSwHook      os_cpu_c.o
    0x0800227e   0x00000002   PAD
    0x08002280   0x00000078   Code   RO         5023    i.OSTimeDly         os_time.o
    0x080022f8   0x000000ec   Code   RO         4434    i.OSTimeTick        os_core.o
    0x080023e4   0x00000002   Code   RO         5075    i.OSTimeTickHook    os_cpu_c.o
    0x080023e6   0x00000002   PAD
    0x080023e8   0x00000058   Code   RO         4618    i.OS_FlagInit       os_flag.o
    0x08002440   0x00000054   Code   RO         4441    i.OS_InitEventList  os_core.o
    0x08002494   0x00000054   Code   RO         4442    i.OS_InitMisc       os_core.o
    0x080024e8   0x00000044   Code   RO         4443    i.OS_InitRdyList    os_core.o
    0x0800252c   0x00000080   Code   RO         4444    i.OS_InitTCBList    os_core.o
    0x080025ac   0x00000050   Code   RO         4445    i.OS_InitTaskIdle   os_core.o
    0x080025fc   0x00000050   Code   RO         4446    i.OS_InitTaskStat   os_core.o
    0x0800264c   0x00000012   Code   RO         4447    i.OS_MemClr         os_core.o
    0x0800265e   0x00000002   PAD
    0x08002660   0x00000050   Code   RO         4811    i.OS_QInit          os_q.o
    0x080026b0   0x00000074   Code   RO         4449    i.OS_Sched          os_core.o
    0x08002724   0x0000002c   Code   RO         4450    i.OS_SchedNew       os_core.o
    0x08002750   0x00000134   Code   RO         4452    i.OS_TCBInit        os_core.o
    0x08002884   0x00000028   Code   RO         4453    i.OS_TaskIdle       os_core.o
    0x080028ac   0x00000088   Code   RO         4454    i.OS_TaskStat       os_core.o
    0x08002934   0x0000003c   Code   RO         4455    i.OS_TaskStatStkChk  os_core.o
    0x08002970   0x0000001a   Code   RO         4941    i.OS_TaskStkClr     os_task.o
    0x0800298a   0x00000002   PAD
    0x0800298c   0x00000020   Code   RO         1674    i.RCC_APB1PeriphClockCmd  stm32f10x_rcc.o
    0x080029ac   0x00000020   Code   RO         1676    i.RCC_APB2PeriphClockCmd  stm32f10x_rcc.o
    0x080029cc   0x000000d4   Code   RO         1684    i.RCC_GetClocksFreq  stm32f10x_rcc.o
    0x08002aa0   0x00000002   Code   RO         3173    i.SVC_Handler       stm32f10x_it.o
    0x08002aa2   0x00000008   Code   RO         3222    i.SetSysClock       system_stm32f10x.o
    0x08002aaa   0x00000002   PAD
    0x08002aac   0x000000e0   Code   RO         3223    i.SetSysClockTo72   system_stm32f10x.o
    0x08002b8c   0x00000028   Code   RO           28    i.SysTick_CLKSourceConfig  misc.o
    0x08002bb4   0x0000001c   Code   RO         3361    i.SysTick_Handler   delay.o
    0x08002bd0   0x00000060   Code   RO         3225    i.SystemInit        system_stm32f10x.o
    0x08002c30   0x00000094   Code   RO         3455    i.USART1_IRQHandler  usart.o
    0x08002cc4   0x00000070   Code   RO         3456    i.USART2_IRQHandler  usart.o
    0x08002d34   0x00000018   Code   RO         2844    i.USART_Cmd         stm32f10x_usart.o
    0x08002d4c   0x00000054   Code   RO         2848    i.USART_GetITStatus  stm32f10x_usart.o
    0x08002da0   0x0000004a   Code   RO         2850    i.USART_ITConfig    stm32f10x_usart.o
    0x08002dea   0x00000002   PAD
    0x08002dec   0x000000d8   Code   RO         2851    i.USART_Init        stm32f10x_usart.o
    0x08002ec4   0x0000000a   Code   RO         2858    i.USART_ReceiveData  stm32f10x_usart.o
    0x08002ece   0x00000004   Code   RO         3174    i.UsageFault_Handler  stm32f10x_it.o
    0x08002ed2   0x0000000e   Code   RO         5203    i._is_digit         c_w.l(__printf_wp.o)
    0x08002ee0   0x00000006   Code   RO         3457    i._sys_exit         usart.o
    0x08002ee6   0x00000002   PAD
    0x08002ee8   0x00000028   Code   RO         3863    i.bufchar           mqttpacket.o
    0x08002f10   0x00000018   Code   RO         4193    i.clear_rx_buf      sim800c.o
    0x08002f28   0x00000028   Code   RO         4131    i.close_socket      pub0sub1.o
    0x08002f50   0x00000200   Code   RO         4132    i.connect_mqtt_server  pub0sub1.o
    0x08003150   0x00000028   Code   RO         3256    i.create_mqtt_task  task.o
    0x08003178   0x00000058   Code   RO         3257    i.create_tasks      task.o
    0x080031d0   0x00000048   Code   RO         3589    i.debug_print_func_name  debug.o
    0x08003218   0x00000064   Code   RO         3590    i.debug_print_func_result  debug.o
    0x0800327c   0x00000038   Code   RO         3591    i.debug_print_indent  debug.o
    0x080032b4   0x00000088   Code   RO         3362    i.delay_init        delay.o
    0x0800333c   0x00000050   Code   RO         3363    i.delay_ms          delay.o
    0x0800338c   0x00000008   Code   RO         3364    i.delay_osschedlock  delay.o
    0x08003394   0x00000008   Code   RO         3365    i.delay_osschedunlock  delay.o
    0x0800339c   0x0000000c   Code   RO         3366    i.delay_ostimedly   delay.o
    0x080033a8   0x0000000e   Code   RO         3367    i.delay_s           delay.o
    0x080033b6   0x00000002   PAD
    0x080033b8   0x0000005c   Code   RO         3368    i.delay_us          delay.o
    0x08003414   0x00000084   Code   RO         3459    i.fputc             usart.o
    0x08003498   0x000000c4   Code   RO         4194    i.get_cip_status_raw  sim800c.o
    0x0800355c   0x0000010c   Code   RO         3592    i.get_debug_type_from_user  debug.o
    0x08003668   0x000001a8   Code   RO         4195    i.get_sim800c_respond  sim800c.o
    0x08003810   0x0000003c   Code   RO         3074    i.init              main.o
    0x0800384c   0x0000007c   Code   RO         4196    i.init_sim800c      sim800c.o
    0x080038c8   0x0000002c   Code   RO         3258    i.led0_task         task.o
    0x080038f4   0x0000002c   Code   RO         3259    i.led1_task         task.o
    0x08003920   0x000000d0   Code   RO         4133    i.listen_sub_data   pub0sub1.o
    0x080039f0   0x0000000e   Code   RO         3075    i.main              main.o
    0x080039fe   0x00000002   PAD
    0x08003a00   0x00000284   Code   RO         3260    i.main_task         task.o
    0x08003c84   0x0000003c   Code   RO         4134    i.mqtt_disconnect   pub0sub1.o
    0x08003cc0   0x000000d0   Code   RO         4135    i.mqtt_ping         pub0sub1.o
    0x08003d90   0x000000f8   Code   RO         4136    i.mqtt_publish_data  pub0sub1.o
    0x08003e88   0x0000027c   Code   RO         4137    i.mqtt_subscribe    pub0sub1.o
    0x08004104   0x000000f4   Code   RO         4138    i.open_socket       pub0sub1.o
    0x080041f8   0x00000038   Code   RO         3461    i.print_hex_ln      usart.o
    0x08004230   0x00000620   Code   RO         4197    i.query_sim800c     sim800c.o
    0x08004850   0x0000000e   Code   RO         3865    i.readChar          mqttpacket.o
    0x0800485e   0x0000001a   Code   RO         3866    i.readInt           mqttpacket.o
    0x08004878   0x0000003a   Code   RO         3867    i.readMQTTLenString  mqttpacket.o
    0x080048b2   0x00000002   PAD
    0x080048b4   0x0000006c   Code   RO         3593    i.set_debug_level   debug.o
    0x08004920   0x00000026   Code   RO         4198    i.setup_sim800c     sim800c.o
    0x08004946   0x00000002   PAD
    0x08004948   0x00000030   Code   RO         4199    i.sim800c_cip_status_str  sim800c.o
    0x08004978   0x00000080   Code   RO         4200    i.sim800c_close_tcp  sim800c.o
    0x080049f8   0x000002d4   Code   RO         4201    i.sim800c_connect_server  sim800c.o
    0x08004ccc   0x0000002c   Code   RO         4202    i.sim800c_connected  sim800c.o
    0x08004cf8   0x000000e0   Code   RO         4203    i.sim800c_get_cip_status_no  sim800c.o
    0x08004dd8   0x000001a0   Code   RO         4204    i.sim800c_read_tcp_data  sim800c.o
    0x08004f78   0x00000064   Code   RO         4205    i.sim800c_send_tcp_data  sim800c.o
    0x08004fdc   0x0000003c   Code   RO         4206    i.sim800c_transport_getdata  sim800c.o
    0x08005018   0x00000050   Code   RO         4207    i.sim800c_write     sim800c.o
    0x08005068   0x00000140   Code   RO         4208    i.sim800c_write_tcp_data  sim800c.o
    0x080051a8   0x00000050   Code   RO         3532    i.simplify_sim800c_responding_str  utility.o
    0x080051f8   0x00000082   Code   RO         3533    i.str_simplify      utility.o
    0x0800527a   0x00000002   PAD
    0x0800527c   0x000000a0   Code   RO         3261    i.subscribed_data_arraived_cb  task.o
    0x0800531c   0x000000f8   Code   RO         3267    i.task_mqtt_sub     task.o
    0x08005414   0x00000038   Code   RO         4209    i.tcp_rx_data_length  sim800c.o
    0x0800544c   0x0000007c   Code   RO         4210    i.tcp_rx_pop_data   sim800c.o
    0x080054c8   0x00000070   Code   RO         4211    i.tcp_rx_push_data  sim800c.o
    0x08005538   0x0000000c   Code   RO         4095    i.transport_close   transport.o
    0x08005544   0x00000010   Code   RO         4096    i.transport_getdata  transport.o
    0x08005554   0x0000001e   Code   RO         4098    i.transport_open    transport.o
    0x08005572   0x00000012   Code   RO         4099    i.transport_sendPacketBuffer  transport.o
    0x08005584   0x00000034   Code   RO         3535    i.uart1_rx_data     utility.o
    0x080055b8   0x000000b0   Code   RO         3463    i.uart2_init        usart.o
    0x08005668   0x0000000c   Code   RO         3536    i.uart2_rx_buf_clear  utility.o
    0x08005674   0x00000030   Code   RO         3537    i.uart2_rx_data     utility.o
    0x080056a4   0x000000a8   Code   RO         3464    i.uart_init         usart.o
    0x0800574c   0x00000036   Code   RO         4213    i.wait_cip_status   sim800c.o
    0x08005782   0x00000002   PAD
    0x08005784   0x00000070   Code   RO         3538    i.wait_uart1_rx_data  utility.o
    0x080057f4   0x0000007c   Code   RO         3539    i.wait_uart2_rx_data  utility.o
    0x08005870   0x00000028   Code   RO         3868    i.writeCString      mqttpacket.o
    0x08005898   0x0000000c   Code   RO         3869    i.writeChar         mqttpacket.o
    0x080058a4   0x00000030   Code   RO         3870    i.writeInt          mqttpacket.o
    0x080058d4   0x0000003e   Code   RO         3871    i.writeMQTTString   mqttpacket.o
    0x08005912   0x00000002   PAD
    0x08005914   0x0000002c   Code   RO         5318    locale$$code        c_w.l(lc_ctype_c.o)
    0x08005940   0x00000058   Data   RO         3594    .constdata          debug.o
    0x08005998   0x00000014   Data   RO         4215    .constdata          sim800c.o
    0x080059ac   0x00000100   Data   RO         4457    .constdata          os_core.o
    0x08005aac   0x00000028   Data   RO         5176    .constdata          c_w.l(_printf_hex_int.o)
    0x08005ad4   0x000000af   Data   RO         3272    .conststring        task.o
    0x08005b83   0x00000001   PAD
    0x08005b84   0x000001b9   Data   RO         3595    .conststring        debug.o
    0x08005d3d   0x00000003   PAD
    0x08005d40   0x000000a2   Data   RO         4140    .conststring        pub0sub1.o
    0x08005de2   0x00000002   PAD
    0x08005de4   0x00000079   Data   RO         4216    .conststring        sim800c.o
    0x08005e5d   0x00000003   PAD
    0x08005e60   0x00000020   Data   RO         5437    Region$$Table       anon$$obj.o
    0x08005e80   0x00000110   Data   RO         5317    locale$$data        c_w.l(lc_ctype_c.o)


    Execution Region RW_IRAM1 (Base: 0x20000000, Size: 0x00005c38, Max: 0x00010000, ABSOLUTE, COMPRESSED[0x00000068])

    Base Addr    Size         Type   Attr      Idx    E Section Name        Object

    0x20000000   0x00000014   Data   RW         1704    .data               stm32f10x_rcc.o
    0x20000014   0x00000014   Data   RW         3226    .data               system_stm32f10x.o
    0x20000028   0x00000004   Data   RW         3369    .data               delay.o
    0x2000002c   0x0000000c   Data   RW         3466    .data               usart.o
    0x20000038   0x00000008   Data   RW         3596    .data               debug.o
    0x20000040   0x00000004   Data   RW         3872    .data               mqttpacket.o
    0x20000044   0x00000088   Data   RW         4141    .data               pub0sub1.o
    0x200000cc   0x00000034   Data   RW         4217    .data               sim800c.o
    0x20000100   0x00000003   Data   RW         4390    .data               key.o
    0x20000103   0x00000001   PAD
    0x20000104   0x00000048   Data   RW         4458    .data               os_core.o
    0x2000014c   0x00003c00   Zero   RW         3271    .bss                task.o
    0x20003d4c   0x000004c8   Zero   RW         3465    .bss                usart.o
    0x20004214   0x000000f4   Zero   RW         4139    .bss                pub0sub1.o
    0x20004308   0x0000084c   Zero   RW         4214    .bss                sim800c.o
    0x20004b54   0x00000a80   Zero   RW         4456    .bss                os_core.o
    0x200055d4   0x00000060   Zero   RW         5308    .bss                c_w.l(libspace.o)
    0x20005634   0x00000004   PAD
    0x20005638   0x00000200   Zero   RW           18    HEAP                startup_stm32f10x_hd.o
    0x20005838   0x00000400   Zero   RW           17    STACK               startup_stm32f10x_hd.o


==============================================================================

Image component sizes


      Code (inc. data)   RO Data    RW Data    ZI Data      Debug   Object Name

        56          6          0          0          0        464   beep.o
         0          0          0          0          0       4536   core_cm3.o
       604        144        529          8          0       5463   debug.o
       378         50          0          4          0      19134   delay.o
       524         60          0          0          0       2437   exti.o
        60          8          0          3          0       1227   key.o
        76          8          0          0          0        467   led.o
        74          6          0          0          0       2119   main.o
       172         22          0          0          0     232041   misc.o
       708         18          0          0          0       7040   mqttconnectclient.o
       168          0          0          0          0       1490   mqttdeserializepublish.o
       636         18          0          4          0       8522   mqttpacket.o
       210          0          0          0          0       1626   mqttserializepublish.o
       368          0          0          0          0       2911   mqttsubscribeclient.o
      1938        382        256         72       2688      18327   os_core.o
       180         36          0          0          0        304   os_cpu_a.o
       170          0          0          0          0      12387   os_cpu_c.o
        88         14          0          0          0       8010   os_flag.o
        80          8          0          0          0        527   os_q.o
       790         64          0          0          0       5024   os_task.o
       120         20          0          0          0        584   os_time.o
      2156        910        162        136        244       5877   pub0sub1.o
      4864       1808        141         52       2124      15077   sim800c.o
        64         26        304          0       1536        772   startup_stm32f10x_hd.o
       160         12          0          0          0       1325   stm32f10x_exti.o
       368          4          0          0          0       3914   stm32f10x_gpio.o
        22          0          0          0          0       2779   stm32f10x_it.o
       276         32          0         20          0       4158   stm32f10x_rcc.o
       408          6          0          0          0       4610   stm32f10x_usart.o
       328         28          0         20          0       2049   system_stm32f10x.o
      1268        440        175          0      15360       5989   task.o
        76          0          0          0          0       2176   transport.o
       798         68          0         12       1224       5995   usart.o
       558         42          0          0          0       4324   utility.o

    ----------------------------------------------------------------------
     18786       4240       1608        332      23176     393685   Object Totals
         0          0         32          0          0          0   (incl. Generated)
        40          0          9          1          0          0   (incl. Padding)

    ----------------------------------------------------------------------

      Code (inc. data)   RO Data    RW Data    ZI Data      Debug   Library Member Name

        60          8          0          0          0         84   __0sscanf.o
        20          0          0          0          0         84   __2fprintf.o
        44          6          0          0          0         84   __2sprintf.o
        90          0          0          0          0          0   __dczerorl2.o
         8          0          0          0          0         68   __main.o
       284          0          0          0          0        156   __printf_wp.o
         0          0          0          0          0          0   __rtentry.o
        12          0          0          0          0          0   __rtentry2.o
         6          0          0          0          0          0   __rtentry4.o
        52          8          0          0          0          0   __scatter.o
        28          0          0          0          0          0   __scatter_zi.o
        28          0          0          0          0         68   _chval.o
         6          0          0          0          0          0   _printf_c.o
        44          0          0          0          0        108   _printf_char.o
        48          6          0          0          0         96   _printf_char_common.o
        36          4          0          0          0         80   _printf_char_file.o
         6          0          0          0          0          0   _printf_d.o
       120         16          0          0          0         92   _printf_dec.o
        88          4         40          0          0         88   _printf_hex_int.o
       178          0          0          0          0         88   _printf_intcommon.o
         0          0          0          0          0          0   _printf_percent.o
         4          0          0          0          0          0   _printf_percent_end.o
         6          0          0          0          0          0   _printf_s.o
        82          0          0          0          0         80   _printf_str.o
         6          0          0          0          0          0   _printf_x.o
       884          6          0          0          0        100   _scanf.o
       332          0          0          0          0         96   _scanf_int.o
       224          0          0          0          0         96   _scanf_str.o
        64          0          0          0          0         84   _sgetc.o
        10          0          0          0          0         68   _sputc.o
        12          0          0          0          0         72   exit.o
         8          0          0          0          0         68   ferror.o
         6          0          0          0          0        152   heapauxi.o
        18          0          0          0          0         76   isspace.o
        44         10        272          0          0         76   lc_ctype_c.o
         2          0          0          0          0          0   libinit.o
        20          0          0          0          0          0   libinit2.o
         2          0          0          0          0          0   libshutdown.o
         2          0          0          0          0          0   libshutdown2.o
         8          4          0          0         96         68   libspace.o
        16          4          0          0          0         76   rt_ctype_table.o
         8          4          0          0          0         68   rt_locale_intlibspace.o
        78          0          0          0          0         80   rt_memclr_w.o
       138          0          0          0          0         68   rt_memcpy_v6.o
       100          0          0          0          0         80   rt_memcpy_w.o
         2          0          0          0          0          0   rtexit.o
        10          0          0          0          0          0   rtexit2.o
        44          8          0          0          0         84   scanf_char.o
       128          0          0          0          0         68   strcmpv7m.o
        62          0          0          0          0         76   strlen.o
       150          0          0          0          0         80   strncmp.o
        36          0          0          0          0         80   strstr.o
        74          0          0          0          0         80   sys_stackheap_outer.o
         2          0          0          0          0         68   use_no_semi.o
         2          0          0          0          0         68   use_no_semi_2.o

    ----------------------------------------------------------------------
      3758         88        312          0        100       3108   Library Totals
        16          0          0          0          4          0   (incl. Padding)

    ----------------------------------------------------------------------

      Code (inc. data)   RO Data    RW Data    ZI Data      Debug   Library Name

      3742         88        312          0         96       3108   c_w.l

    ----------------------------------------------------------------------
      3758         88        312          0        100       3108   Library Totals

    ----------------------------------------------------------------------

==============================================================================


      Code (inc. data)   RO Data    RW Data    ZI Data      Debug   

     22544       4328       1920        332      23276     386545   Grand Totals
     22544       4328       1920        104      23276     386545   ELF Image Totals (compressed)
     22544       4328       1920        104          0          0   ROM Totals

==============================================================================

    Total RO  Size (Code + RO Data)                24464 (  23.89kB)
    Total RW  Size (RW Data + ZI Data)             23608 (  23.05kB)
    Total ROM Size (Code + RO Data + RW Data)      24568 (  23.99kB)

==============================================================================

